ARM Linker, 5.02 [Build 28] [MDK-ARM Standard]

==============================================================================

Section Cross References

    main.o(i.main) refers to simple_uart.o(i.simple_uart_config) for simple_uart_config
    main.o(i.main) refers to simple_uart.o(i.simple_uart_putstring) for simple_uart_putstring
    main.o(i.main) refers to simple_uart.o(i.simple_uart_get) for simple_uart_get
    main.o(i.main) refers to simple_uart.o(i.simple_uart_put) for simple_uart_put
    system_nrf51.o(i.SystemCoreClockUpdate) refers to system_nrf51.o(.data) for SystemCoreClock
    startup_arm_nrf51.o(RESET) refers to startup_arm_nrf51.o(STACK) for __initial_sp
    startup_arm_nrf51.o(RESET) refers to startup_arm_nrf51.o(.text) for Reset_Handler
    startup_arm_nrf51.o(.text) refers to system_nrf51.o(i.SystemInit) for SystemInit
    startup_arm_nrf51.o(.text) refers to entry.o(.ARM.Collect$$$$00000000) for __main
    simple_uart.o(i.simple_uart_config) refers to simple_uart.o(i.nrf_gpio_cfg_output) for nrf_gpio_cfg_output
    simple_uart.o(i.simple_uart_config) refers to simple_uart.o(i.nrf_gpio_cfg_input) for nrf_gpio_cfg_input
    simple_uart.o(i.simple_uart_get_with_timeout) refers to simple_uart.o(.emb_text) for __asm___13_simple_uart_c_5dda6715__nrf_delay_us
    simple_uart.o(i.simple_uart_putstring) refers to simple_uart.o(i.simple_uart_put) for simple_uart_put
    entry.o(.ARM.Collect$$$$00000000) refers (Special) to entry7b.o(.ARM.Collect$$$$00000008) for _main_clock
    entry.o(.ARM.Collect$$$$00000000) refers (Special) to entry8.o(.ARM.Collect$$$$00000009) for _main_init
    entry.o(.ARM.Collect$$$$00000000) refers (Special) to entry5.o(.ARM.Collect$$$$00000004) for _main_scatterload
    entry.o(.ARM.Collect$$$$00000000) refers (Special) to entry2.o(.ARM.Collect$$$$00000001) for _main_stk
    entry2.o(.ARM.Collect$$$$00000001) refers to entry2.o(.ARM.Collect$$$$00002712) for __lit__00000000
    entry2.o(.ARM.Collect$$$$00002712) refers to startup_arm_nrf51.o(STACK) for __initial_sp
    entry2.o(__vectab_stack_and_reset_area) refers to startup_arm_nrf51.o(STACK) for __initial_sp
    entry2.o(__vectab_stack_and_reset_area) refers to entry.o(.ARM.Collect$$$$00000000) for __main
    entry5.o(.ARM.Collect$$$$00000004) refers to init.o(.text) for __scatterload
    entry8.o(.ARM.Collect$$$$00000009) refers to main.o(i.main) for main
    init.o(.text) refers to entry5.o(.ARM.Collect$$$$00000004) for __main_after_scatterload


==============================================================================

Removing Unused input sections from the image.

    Removing main.o(.rev16_text), (4 bytes).
    Removing main.o(.revsh_text), (4 bytes).
    Removing system_nrf51.o(.rev16_text), (4 bytes).
    Removing system_nrf51.o(.revsh_text), (4 bytes).
    Removing system_nrf51.o(i.SystemCoreClockUpdate), (16 bytes).
    Removing system_nrf51.o(.data), (4 bytes).
    Removing startup_arm_nrf51.o(HEAP), (2048 bytes).
    Removing simple_uart.o(.rev16_text), (4 bytes).
    Removing simple_uart.o(.revsh_text), (4 bytes).
    Removing simple_uart.o(.emb_text), (30 bytes).
    Removing simple_uart.o(i.simple_uart_get_with_timeout), (72 bytes).

11 unused section(s) (total 2194 bytes) removed from the image.

==============================================================================

Image Symbol Table

    Local Symbols

    Symbol Name                              Value     Ov Type        Size  Object(Section)

    RESET                                    0x00000000   Section      192  startup_arm_nrf51.o(RESET)
    ../clib/microlib/init/entry.s            0x00000000   Number         0  entry5.o ABSOLUTE
    ../clib/microlib/init/entry.s            0x00000000   Number         0  entry2.o ABSOLUTE
    ../clib/microlib/init/entry.s            0x00000000   Number         0  entry.o ABSOLUTE
    ../clib/microlib/init/entry.s            0x00000000   Number         0  entry7a.o ABSOLUTE
    ../clib/microlib/init/entry.s            0x00000000   Number         0  entry7b.o ABSOLUTE
    ../clib/microlib/init/entry.s            0x00000000   Number         0  entry8.o ABSOLUTE
    ..\..\..\..\Source\simple_uart\simple_uart.c 0x00000000   Number         0  simple_uart.o ABSOLUTE
    ..\..\..\..\Source\templates\arm\arm_startup_nrf51.s 0x00000000   Number         0  startup_arm_nrf51.o ABSOLUTE
    ..\..\..\..\Source\templates\system_nrf51.c 0x00000000   Number         0  system_nrf51.o ABSOLUTE
    ..\\..\\..\\..\\Source\\simple_uart\\simple_uart.c 0x00000000   Number         0  simple_uart.o ABSOLUTE
    ..\\..\\..\\..\\Source\\templates\\system_nrf51.c 0x00000000   Number         0  system_nrf51.o ABSOLUTE
    ..\\main.c                               0x00000000   Number         0  main.o ABSOLUTE
    ..\main.c                                0x00000000   Number         0  main.o ABSOLUTE
    dc.s                                     0x00000000   Number         0  dc.o ABSOLUTE
    init.s                                   0x00000000   Number         0  init.o ABSOLUTE
    .ARM.Collect$$$$00000000                 0x000000c0   Section        0  entry.o(.ARM.Collect$$$$00000000)
    .ARM.Collect$$$$00000001                 0x000000c0   Section        4  entry2.o(.ARM.Collect$$$$00000001)
    .ARM.Collect$$$$00000004                 0x000000c4   Section        4  entry5.o(.ARM.Collect$$$$00000004)
    .ARM.Collect$$$$00000008                 0x000000c8   Section        0  entry7b.o(.ARM.Collect$$$$00000008)
    .ARM.Collect$$$$00000009                 0x000000c8   Section        8  entry8.o(.ARM.Collect$$$$00000009)
    .ARM.Collect$$$$00002712                 0x000000d0   Section        4  entry2.o(.ARM.Collect$$$$00002712)
    __lit__00000000                          0x000000d0   Data           4  entry2.o(.ARM.Collect$$$$00002712)
    .text                                    0x000000d4   Section       28  startup_arm_nrf51.o(.text)
    .text                                    0x000000f0   Section       36  init.o(.text)
    i.SystemInit                             0x00000114   Section        0  system_nrf51.o(i.SystemInit)
    i.main                                   0x00000128   Section        0  main.o(i.main)
    i.nrf_gpio_cfg_input                     0x00000184   Section        0  simple_uart.o(i.nrf_gpio_cfg_input)
    nrf_gpio_cfg_input                       0x00000185   Thumb Code    20  simple_uart.o(i.nrf_gpio_cfg_input)
    i.nrf_gpio_cfg_output                    0x00000198   Section        0  simple_uart.o(i.nrf_gpio_cfg_output)
    nrf_gpio_cfg_output                      0x00000199   Thumb Code    18  simple_uart.o(i.nrf_gpio_cfg_output)
    i.simple_uart_config                     0x000001ac   Section        0  simple_uart.o(i.simple_uart_config)
    i.simple_uart_get                        0x00000238   Section        0  simple_uart.o(i.simple_uart_get)
    i.simple_uart_put                        0x00000258   Section        0  simple_uart.o(i.simple_uart_put)
    i.simple_uart_putstring                  0x00000278   Section        0  simple_uart.o(i.simple_uart_putstring)
    STACK                                    0x20000000   Section     2048  startup_arm_nrf51.o(STACK)

    Global Symbols

    Symbol Name                              Value     Ov Type        Size  Object(Section)

    BuildAttributes$$THM_ISAv3M$S$PE$A:L22$X:L11$S22$IEEE1$IW$USESV6$~STKCKD$USESV7$~SHL$OSPACE$EBA8$MICROLIB$REQ8$PRES8$EABIv2 0x00000000   Number         0  anon$$obj.o ABSOLUTE
    __ARM_use_no_argv                        0x00000000   Number         0  main.o ABSOLUTE
    __Vectors                                0x00000000   Data           4  startup_arm_nrf51.o(RESET)
    __decompress                              - Undefined Weak Reference
    _clock_init                               - Undefined Weak Reference
    __Vectors_End                            0x000000c0   Data           0  startup_arm_nrf51.o(RESET)
    __Vectors_Size                           0x000000c0   Number         0  startup_arm_nrf51.o ABSOLUTE
    __main                                   0x000000c1   Thumb Code     0  entry.o(.ARM.Collect$$$$00000000)
    _main_stk                                0x000000c1   Thumb Code     0  entry2.o(.ARM.Collect$$$$00000001)
    _main_scatterload                        0x000000c5   Thumb Code     0  entry5.o(.ARM.Collect$$$$00000004)
    __main_after_scatterload                 0x000000c9   Thumb Code     0  entry5.o(.ARM.Collect$$$$00000004)
    _main_clock                              0x000000c9   Thumb Code     0  entry7b.o(.ARM.Collect$$$$00000008)
    _main_init                               0x000000c9   Thumb Code     0  entry8.o(.ARM.Collect$$$$00000009)
    Reset_Handler                            0x000000d5   Thumb Code     8  startup_arm_nrf51.o(.text)
    NMI_Handler                              0x000000dd   Thumb Code     2  startup_arm_nrf51.o(.text)
    HardFault_Handler                        0x000000df   Thumb Code     2  startup_arm_nrf51.o(.text)
    SVC_Handler                              0x000000e1   Thumb Code     2  startup_arm_nrf51.o(.text)
    PendSV_Handler                           0x000000e3   Thumb Code     2  startup_arm_nrf51.o(.text)
    SysTick_Handler                          0x000000e5   Thumb Code     2  startup_arm_nrf51.o(.text)
    ADC_IRQHandler                           0x000000e7   Thumb Code     0  startup_arm_nrf51.o(.text)
    CCM_AAR_IRQHandler                       0x000000e7   Thumb Code     0  startup_arm_nrf51.o(.text)
    ECB_IRQHandler                           0x000000e7   Thumb Code     0  startup_arm_nrf51.o(.text)
    GPIOTE_IRQHandler                        0x000000e7   Thumb Code     0  startup_arm_nrf51.o(.text)
    POWER_CLOCK_IRQHandler                   0x000000e7   Thumb Code     0  startup_arm_nrf51.o(.text)
    QDEC_IRQHandler                          0x000000e7   Thumb Code     0  startup_arm_nrf51.o(.text)
    RADIO_IRQHandler                         0x000000e7   Thumb Code     0  startup_arm_nrf51.o(.text)
    RNG_IRQHandler                           0x000000e7   Thumb Code     0  startup_arm_nrf51.o(.text)
    RTC0_IRQHandler                          0x000000e7   Thumb Code     0  startup_arm_nrf51.o(.text)
    RTC1_IRQHandler                          0x000000e7   Thumb Code     0  startup_arm_nrf51.o(.text)
    SPI0_TWI0_IRQHandler                     0x000000e7   Thumb Code     0  startup_arm_nrf51.o(.text)
    SPI1_TWI1_IRQHandler                     0x000000e7   Thumb Code     0  startup_arm_nrf51.o(.text)
    SWI0_IRQHandler                          0x000000e7   Thumb Code     0  startup_arm_nrf51.o(.text)
    SWI1_IRQHandler                          0x000000e7   Thumb Code     0  startup_arm_nrf51.o(.text)
    SWI2_IRQHandler                          0x000000e7   Thumb Code     0  startup_arm_nrf51.o(.text)
    SWI3_IRQHandler                          0x000000e7   Thumb Code     0  startup_arm_nrf51.o(.text)
    SWI4_IRQHandler                          0x000000e7   Thumb Code     0  startup_arm_nrf51.o(.text)
    SWI5_IRQHandler                          0x000000e7   Thumb Code     0  startup_arm_nrf51.o(.text)
    TEMP_IRQHandler                          0x000000e7   Thumb Code     0  startup_arm_nrf51.o(.text)
    TIMER0_IRQHandler                        0x000000e7   Thumb Code     0  startup_arm_nrf51.o(.text)
    TIMER1_IRQHandler                        0x000000e7   Thumb Code     0  startup_arm_nrf51.o(.text)
    TIMER2_IRQHandler                        0x000000e7   Thumb Code     0  startup_arm_nrf51.o(.text)
    UART0_IRQHandler                         0x000000e7   Thumb Code     0  startup_arm_nrf51.o(.text)
    WDT_IRQHandler                           0x000000e7   Thumb Code     0  startup_arm_nrf51.o(.text)
    __scatterload                            0x000000f1   Thumb Code    28  init.o(.text)
    __scatterload_rt2                        0x000000f1   Thumb Code     0  init.o(.text)
    SystemInit                               0x00000115   Thumb Code    14  system_nrf51.o(i.SystemInit)
    main                                     0x00000129   Thumb Code    68  main.o(i.main)
    simple_uart_config                       0x000001ad   Thumb Code   114  simple_uart.o(i.simple_uart_config)
    simple_uart_get                          0x00000239   Thumb Code    24  simple_uart.o(i.simple_uart_get)
    simple_uart_put                          0x00000259   Thumb Code    22  simple_uart.o(i.simple_uart_put)
    simple_uart_putstring                    0x00000279   Thumb Code    32  simple_uart.o(i.simple_uart_putstring)
    Region$$Table$$Base                      0x00000298   Number         0  anon$$obj.o(Region$$Table)
    Region$$Table$$Limit                     0x00000298   Number         0  anon$$obj.o(Region$$Table)
    __initial_sp                             0x20000800   Data           0  startup_arm_nrf51.o(STACK)



==============================================================================

Memory Map of the image

  Image Entry point : 0x000000c1

  Load Region LR_IROM1 (Base: 0x00000000, Size: 0x00000298, Max: 0x00040000, ABSOLUTE)

    Execution Region ER_IROM1 (Base: 0x00000000, Size: 0x00000298, Max: 0x00040000, ABSOLUTE)

    Base Addr    Size         Type   Attr      Idx    E Section Name        Object

    0x00000000   0x000000c0   Data   RO          101    RESET               startup_arm_nrf51.o
    0x000000c0   0x00000000   Code   RO          170  * .ARM.Collect$$$$00000000  mc_p.l(entry.o)
    0x000000c0   0x00000004   Code   RO          173    .ARM.Collect$$$$00000001  mc_p.l(entry2.o)
    0x000000c4   0x00000004   Code   RO          176    .ARM.Collect$$$$00000004  mc_p.l(entry5.o)
    0x000000c8   0x00000000   Code   RO          178    .ARM.Collect$$$$00000008  mc_p.l(entry7b.o)
    0x000000c8   0x00000008   Code   RO          179    .ARM.Collect$$$$00000009  mc_p.l(entry8.o)
    0x000000d0   0x00000004   Code   RO          174    .ARM.Collect$$$$00002712  mc_p.l(entry2.o)
    0x000000d4   0x0000001c   Code   RO          102    .text               startup_arm_nrf51.o
    0x000000f0   0x00000024   Code   RO          180    .text               mc_p.l(init.o)
    0x00000114   0x00000014   Code   RO           70    i.SystemInit        system_nrf51.o
    0x00000128   0x0000005c   Code   RO            3    i.main              main.o
    0x00000184   0x00000014   Code   RO          109    i.nrf_gpio_cfg_input  simple_uart.o
    0x00000198   0x00000012   Code   RO          110    i.nrf_gpio_cfg_output  simple_uart.o
    0x000001aa   0x00000002   PAD
    0x000001ac   0x0000008c   Code   RO          111    i.simple_uart_config  simple_uart.o
    0x00000238   0x00000020   Code   RO          112    i.simple_uart_get   simple_uart.o
    0x00000258   0x00000020   Code   RO          114    i.simple_uart_put   simple_uart.o
    0x00000278   0x00000020   Code   RO          115    i.simple_uart_putstring  simple_uart.o
    0x00000298   0x00000000   Data   RO          182    Region$$Table       anon$$obj.o


    Execution Region RW_IRAM1 (Base: 0x20000000, Size: 0x00000800, Max: 0x00004000, ABSOLUTE, UNINIT)

    Base Addr    Size         Type   Attr      Idx    E Section Name        Object

    0x20000000   0x00000800   Zero   RW           99    STACK               startup_arm_nrf51.o


==============================================================================

Image component sizes


      Code (inc. data)   RO Data    RW Data    ZI Data      Debug   Object Name

        92         24          0          0          0       5223   main.o
       274         44          0          0          0       5305   simple_uart.o
        28          8        192          0       2048        624   startup_arm_nrf51.o
        20          6          0          0          0        421   system_nrf51.o

    ----------------------------------------------------------------------
       416         82        192          0       2048      11573   Object Totals
         0          0          0          0          0          0   (incl. Generated)
         2          0          0          0          0          0   (incl. Padding)

    ----------------------------------------------------------------------

      Code (inc. data)   RO Data    RW Data    ZI Data      Debug   Library Member Name

         0          0          0          0          0          0   entry.o
         8          4          0          0          0          0   entry2.o
         4          0          0          0          0          0   entry5.o
         0          0          0          0          0          0   entry7b.o
         8          4          0          0          0          0   entry8.o
        36          8          0          0          0         68   init.o

    ----------------------------------------------------------------------
        56         16          0          0          0         68   Library Totals
         0          0          0          0          0          0   (incl. Padding)

    ----------------------------------------------------------------------

      Code (inc. data)   RO Data    RW Data    ZI Data      Debug   Library Name

        56         16          0          0          0         68   mc_p.l

    ----------------------------------------------------------------------
        56         16          0          0          0         68   Library Totals

    ----------------------------------------------------------------------

==============================================================================


      Code (inc. data)   RO Data    RW Data    ZI Data      Debug   

       472         98        192          0       2048      11369   Grand Totals
       472         98        192          0       2048      11369   ELF Image Totals
       472         98        192          0          0          0   ROM Totals

==============================================================================

    Total RO  Size (Code + RO Data)                  664 (   0.65kB)
    Total RW  Size (RW Data + ZI Data)              2048 (   2.00kB)
    Total ROM Size (Code + RO Data + RW Data)        664 (   0.65kB)

==============================================================================

