<html>
<body>
<pre>
<h1>µVision Build Log</h1>
<h2>Project:</h2>
C:\Keil\ARM\Device\Nordic\nrf51822\Board\pca10001\²â¾àled_tx_rx_v1.0\arm\led_radio_example_rx.uvproj
Project File Date:  11/13/2012

<h2>Output:</h2>
 
*** Rebuild Pass #1 with Cross-Module Feedback - 'Clean' invoked.
Clean started: Project: 'led_radio_example_rx'
   deleting intermediate output files for target 'nRF51822'
Rebuild target 'nRF51822'
compiling main_rx.c...
compiling radio_config.c...
assembling startup_arm_nrf51.s...
compiling system_nrf51.c...
compiling simple_uart.c...
compiling nrf_delay.c...
linking...
Program Size: Code=708 RO-data=208 RW-data=16 ZI-data=2048  
".\_build\led_radio_example_rx.axf" - 0 Error(s), 0 Warning(s).
 
*** Rebuild Pass #2 with Cross-Module Feedback invoked.
Rebuild target 'nRF51822'
compiling main_rx.c...
compiling radio_config.c...
assembling startup_arm_nrf51.s...
compiling system_nrf51.c...
compiling simple_uart.c...
compiling nrf_delay.c...
linking...
Program Size: Code=708 RO-data=208 RW-data=16 ZI-data=2048  
FromELF: creating hex file...
".\_build\led_radio_example_rx.axf" - 0 Error(s), 0 Warning(s).
