ARM Linker, 5.02 [Build 28] [MDK-ARM Lite]

==============================================================================

Section Cross References

    arm_startup_nrf51.o(STACK) refers (Special) to heapauxi.o(.text) for __use_two_region_memory
    arm_startup_nrf51.o(HEAP) refers (Special) to heapauxi.o(.text) for __use_two_region_memory
    arm_startup_nrf51.o(RESET) refers (Special) to heapauxi.o(.text) for __use_two_region_memory
    arm_startup_nrf51.o(RESET) refers to arm_startup_nrf51.o(STACK) for __initial_sp
    arm_startup_nrf51.o(RESET) refers to arm_startup_nrf51.o(.text) for Reset_Handler
    arm_startup_nrf51.o(RESET) refers to main.o(.text) for GPIOTE_IRQHandler
    arm_startup_nrf51.o(RESET) refers to app_timer.o(.text) for RTC1_IRQHandler
    arm_startup_nrf51.o(RESET) refers to ble_stack_handler.o(.text) for SWI2_IRQHandler
    arm_startup_nrf51.o(.text) refers (Special) to heapauxi.o(.text) for __use_two_region_memory
    arm_startup_nrf51.o(.text) refers to system_nrf51.o(.text) for SystemInit
    arm_startup_nrf51.o(.text) refers to __main.o(!!!main) for __main
    arm_startup_nrf51.o(.text) refers to arm_startup_nrf51.o(HEAP) for Heap_Mem
    arm_startup_nrf51.o(.text) refers to arm_startup_nrf51.o(STACK) for Stack_Mem
    system_nrf51.o(.text) refers to system_nrf51.o(.data) for SystemCoreClock
    main.o(.text) refers to strcpy.o(.text) for strcpy
    main.o(.text) refers to ble_bas.o(.text) for ble_bas_battery_level_update
    main.o(.text) refers to ble_hrs.o(.text) for ble_hrs_heart_rate_measurement_send
    main.o(.text) refers to app_timer.o(.text) for app_timer_init
    main.o(.text) refers to rt_memclr.o(.text) for __aeabi_memclr4
    main.o(.text) refers to ble_advdata.o(.text) for ble_advdata_set
    main.o(.text) refers to main.o(.bss) for s_file_name
    main.o(.text) refers to main.o(.data) for s_line_num
    main.o(.text) refers to main.o(.constdata) for .constdata
    main.o(.text) refers to ble_srv_common.o(.text) for ble_srv_ascii_to_utf8
    main.o(.text) refers to ble_dis.o(.text) for ble_dis_init
    main.o(.text) refers to ble_conn_params.o(.text) for ble_conn_params_init
    main.o(.text) refers to rt_memcpy.o(.text) for __aeabi_memcpy
    main.o(.text) refers to aeabi_sdiv.o(.text) for __aeabi_idivmod
    main.o(.text) refers to ble_stack_handler.o(.text) for ble_stack_handler_init
    ble_dis.o(.text) refers to main.o(.text) for assert_nrf_callback
    ble_dis.o(.text) refers to rt_memclr.o(.text) for __aeabi_memclr4
    ble_dis.o(.text) refers to ble_dis.o(.data) for service_handle
    ble_bas.o(.text) refers to rt_memclr.o(.text) for __aeabi_memclr4
    ble_bas.o(.text) refers to ble_srv_common.o(.text) for ble_srv_report_ref_encode
    ble_hrs.o(.text) refers to rt_memmove.o(.text) for __aeabi_memmove
    ble_hrs.o(.text) refers to rt_memclr.o(.text) for __aeabi_memclr4
    ble_conn_params.o(.text) refers to rt_memcpy.o(.emb_text) for __aeabi_memcpy4
    ble_conn_params.o(.text) refers to rt_memcpy.o(.text) for __aeabi_memcpy
    ble_conn_params.o(.text) refers to app_timer.o(.text) for app_timer_stop
    ble_conn_params.o(.text) refers to ble_conn_params.o(.data) for s_preferred_conn_params
    ble_conn_params.o(.text) refers to ble_conn_params.o(.bss) for s_conn_params_config
    ble_advdata.o(.text) refers to rt_memcpy.o(.text) for __aeabi_memcpy
    ble_advdata.o(.text) refers to ble_uuid_util.o(.text) for ble_uuid_encode
    ble_srv_common.o(.text) refers to main.o(.text) for assert_nrf_callback
    ble_srv_common.o(.text) refers to strlen.o(.text) for strlen
    ble_uuid_util.o(.text) refers to memcmp.o(.text) for memcmp
    ble_uuid_util.o(.text) refers to rt_memcpy.o(.text) for __aeabi_memcpy
    ble_uuid_util.o(.text) refers to ble_uuid_util.o(.data) for sp_base_uuid128
    ble_uuid_util.o(.data) refers to ble_uuid_util.o(.constdata) for s_base_uuid128_default
    app_timer.o(.text) refers to main.o(.text) for assert_nrf_callback
    app_timer.o(.text) refers to app_timer.o(i.__ARM_common_ll_muluu) for __ARM_common_ll_muluu
    app_timer.o(.text) refers to lludiv.o(.text) for __aeabi_uldivmod
    app_timer.o(.text) refers to app_timer.o(.data) for sp_timer_queue
    app_timer.o(.text) refers to app_timer.o(.bss) for s_timer_queue_mem
    ble_stack_handler.o(.text) refers to main.o(.text) for assert_nrf_callback
    ble_stack_handler.o(.text) refers to ble_stack_handler.o(.data) for s_ble_stack_evt_handler
    rt_memcpy.o(.text) refers to rt_memcpy.o(.emb_text) for __aeabi_memcpy4
    rt_memmove.o(.text) refers to rt_memcpy.o(.emb_text) for __aeabi_memcpy4
    rt_memmove.o(.text) refers to rt_memcpy.o(.text) for __aeabi_memcpy
    __main.o(!!!main) refers to rtentry.o(.ARM.Collect$$rtentry$$00000000) for __rt_entry
    rtentry.o(.ARM.Collect$$rtentry$$00000000) refers (Special) to rtentry2.o(.ARM.Collect$$rtentry$$0000000A) for __rt_entry_li
    rtentry.o(.ARM.Collect$$rtentry$$00000000) refers (Special) to rtentry2.o(.ARM.Collect$$rtentry$$0000000D) for __rt_entry_main
    rtentry.o(.ARM.Collect$$rtentry$$00000000) refers (Special) to rtentry2.o(.ARM.Collect$$rtentry$$0000000C) for __rt_entry_postli_1
    rtentry.o(.ARM.Collect$$rtentry$$00000000) refers (Special) to rtentry2.o(.ARM.Collect$$rtentry$$00000009) for __rt_entry_postsh_1
    rtentry.o(.ARM.Collect$$rtentry$$00000000) refers (Special) to rtentry2.o(.ARM.Collect$$rtentry$$00000002) for __rt_entry_presh_1
    rtentry.o(.ARM.Collect$$rtentry$$00000000) refers (Special) to rtentry4.o(.ARM.Collect$$rtentry$$00000004) for __rt_entry_sh
    aeabi_idiv0_sigfpe.o(.text) refers to rt_div0.o(.text) for __rt_div0
    aeabi_ldiv0_sigfpe.o(.text) refers to rt_div0.o(.text) for __rt_div0
    rtentry2.o(.ARM.Collect$$rtentry$$00000008) refers to boardinit2.o(.text) for _platform_post_stackheap_init
    rtentry2.o(.ARM.Collect$$rtentry$$0000000A) refers to libinit.o(.ARM.Collect$$libinit$$00000000) for __rt_lib_init
    rtentry2.o(.ARM.Collect$$rtentry$$0000000B) refers to boardinit3.o(.text) for _platform_post_lib_init
    rtentry2.o(.ARM.Collect$$rtentry$$0000000D) refers to main.o(.text) for main
    rtentry2.o(.ARM.Collect$$rtentry$$0000000D) refers to exit.o(.text) for exit
    rtentry2.o(.ARM.exidx) refers to rtentry2.o(.ARM.Collect$$rtentry$$00000001) for .ARM.Collect$$rtentry$$00000001
    rtentry2.o(.ARM.exidx) refers to rtentry2.o(.ARM.Collect$$rtentry$$00000008) for .ARM.Collect$$rtentry$$00000008
    rtentry2.o(.ARM.exidx) refers to rtentry2.o(.ARM.Collect$$rtentry$$0000000A) for .ARM.Collect$$rtentry$$0000000A
    rtentry2.o(.ARM.exidx) refers to rtentry2.o(.ARM.Collect$$rtentry$$0000000B) for .ARM.Collect$$rtentry$$0000000B
    rtentry2.o(.ARM.exidx) refers to rtentry2.o(.ARM.Collect$$rtentry$$0000000D) for .ARM.Collect$$rtentry$$0000000D
    rtentry4.o(.ARM.Collect$$rtentry$$00000004) refers to sys_stackheap_outer.o(.text) for __user_setup_stackheap
    rtentry4.o(.ARM.exidx) refers to rtentry4.o(.ARM.Collect$$rtentry$$00000004) for .ARM.Collect$$rtentry$$00000004
    rt_div0.o(.text) refers to defsig_fpe_outer.o(.text) for __rt_SIGFPE
    sys_stackheap_outer.o(.text) refers to libspace.o(.text) for __user_perproc_libspace
    sys_stackheap_outer.o(.text) refers to arm_startup_nrf51.o(.text) for __user_initial_stackheap
    sys_stackheap_outer.o(__vectab_stack_and_reset_area) refers to tempstk.o(.text) for __temporary_stack_top
    sys_stackheap_outer.o(__vectab_stack_and_reset_area) refers to __main.o(!!!main) for __main
    exit.o(.text) refers to rtexit.o(.ARM.Collect$$rtexit$$00000000) for __rt_exit
    defsig_fpe_outer.o(.text) refers to defsig_fpe_inner.o(.text) for __rt_SIGFPE_inner
    defsig_fpe_outer.o(.text) refers to defsig_exit.o(.text) for __sig_exit
    defsig_fpe_formal.o(.text) refers to rt_raise.o(.text) for __rt_raise
    libinit.o(.ARM.Collect$$libinit$$00000000) refers (Special) to libinit2.o(.ARM.Collect$$libinit$$0000002C) for __rt_lib_init_alloca_1
    libinit.o(.ARM.Collect$$libinit$$00000000) refers (Special) to libinit2.o(.ARM.Collect$$libinit$$0000002A) for __rt_lib_init_argv_1
    libinit.o(.ARM.Collect$$libinit$$00000000) refers (Special) to libinit2.o(.ARM.Collect$$libinit$$00000019) for __rt_lib_init_atexit_1
    libinit.o(.ARM.Collect$$libinit$$00000000) refers (Special) to libinit2.o(.ARM.Collect$$libinit$$0000001F) for __rt_lib_init_clock_1
    libinit.o(.ARM.Collect$$libinit$$00000000) refers (Special) to libinit2.o(.ARM.Collect$$libinit$$00000030) for __rt_lib_init_cpp_1
    libinit.o(.ARM.Collect$$libinit$$00000000) refers (Special) to libinit2.o(.ARM.Collect$$libinit$$0000002E) for __rt_lib_init_exceptions_1
    libinit.o(.ARM.Collect$$libinit$$00000000) refers (Special) to libinit2.o(.ARM.Collect$$libinit$$00000001) for __rt_lib_init_fp_1
    libinit.o(.ARM.Collect$$libinit$$00000000) refers (Special) to libinit2.o(.ARM.Collect$$libinit$$0000001D) for __rt_lib_init_fp_trap_1
    libinit.o(.ARM.Collect$$libinit$$00000000) refers (Special) to libinit2.o(.ARM.Collect$$libinit$$00000021) for __rt_lib_init_getenv_1
    libinit.o(.ARM.Collect$$libinit$$00000000) refers (Special) to libinit2.o(.ARM.Collect$$libinit$$00000008) for __rt_lib_init_heap_1
    libinit.o(.ARM.Collect$$libinit$$00000000) refers (Special) to libinit2.o(.ARM.Collect$$libinit$$0000000F) for __rt_lib_init_lc_collate_1
    libinit.o(.ARM.Collect$$libinit$$00000000) refers (Special) to libinit2.o(.ARM.Collect$$libinit$$00000011) for __rt_lib_init_lc_ctype_1
    libinit.o(.ARM.Collect$$libinit$$00000000) refers (Special) to libinit2.o(.ARM.Collect$$libinit$$00000013) for __rt_lib_init_lc_monetary_1
    libinit.o(.ARM.Collect$$libinit$$00000000) refers (Special) to libinit2.o(.ARM.Collect$$libinit$$00000015) for __rt_lib_init_lc_numeric_1
    libinit.o(.ARM.Collect$$libinit$$00000000) refers (Special) to libinit2.o(.ARM.Collect$$libinit$$00000017) for __rt_lib_init_lc_time_1
    libinit.o(.ARM.Collect$$libinit$$00000000) refers (Special) to libinit2.o(.ARM.Collect$$libinit$$0000000C) for __rt_lib_init_rand_1
    libinit.o(.ARM.Collect$$libinit$$00000000) refers (Special) to libinit2.o(.ARM.Collect$$libinit$$00000031) for __rt_lib_init_return
    libinit.o(.ARM.Collect$$libinit$$00000000) refers (Special) to libinit2.o(.ARM.Collect$$libinit$$0000001B) for __rt_lib_init_signal_1
    libinit.o(.ARM.Collect$$libinit$$00000000) refers (Special) to libinit2.o(.ARM.Collect$$libinit$$00000023) for __rt_lib_init_stdio_1
    libinit.o(.ARM.Collect$$libinit$$00000000) refers (Special) to libinit2.o(.ARM.Collect$$libinit$$0000000A) for __rt_lib_init_user_alloc_1
    libspace.o(.text) refers to libspace.o(.bss) for __libspace_start
    rtexit.o(.ARM.Collect$$rtexit$$00000000) refers (Special) to rtexit2.o(.ARM.Collect$$rtexit$$00000004) for __rt_exit_exit
    rtexit.o(.ARM.Collect$$rtexit$$00000000) refers (Special) to rtexit2.o(.ARM.Collect$$rtexit$$00000003) for __rt_exit_ls
    rtexit.o(.ARM.Collect$$rtexit$$00000000) refers (Special) to rtexit2.o(.ARM.Collect$$rtexit$$00000002) for __rt_exit_prels_1
    rtexit.o(.ARM.exidx) refers (Special) to rtexit2.o(.ARM.Collect$$rtexit$$00000004) for __rt_exit_exit
    rtexit.o(.ARM.exidx) refers (Special) to rtexit2.o(.ARM.Collect$$rtexit$$00000003) for __rt_exit_ls
    rtexit.o(.ARM.exidx) refers (Special) to rtexit2.o(.ARM.Collect$$rtexit$$00000002) for __rt_exit_prels_1
    rtexit.o(.ARM.exidx) refers to rtexit.o(.ARM.Collect$$rtexit$$00000000) for .ARM.Collect$$rtexit$$00000000
    rt_raise.o(.text) refers to __raise.o(.text) for __raise
    rt_raise.o(.text) refers to sys_exit.o(.text) for _sys_exit
    defsig_exit.o(.text) refers to sys_exit.o(.text) for _sys_exit
    defsig_fpe_inner.o(.text) refers to defsig_general.o(.text) for __default_signal_display
    libinit2.o(.ARM.Collect$$libinit$$0000000E) refers to libinit2.o(.ARM.Collect$$libinit$$0000000D) for .ARM.Collect$$libinit$$0000000D
    libinit2.o(.ARM.Collect$$libinit$$00000010) refers to libinit2.o(.ARM.Collect$$libinit$$0000000D) for .ARM.Collect$$libinit$$0000000D
    libinit2.o(.ARM.Collect$$libinit$$00000012) refers to libinit2.o(.ARM.Collect$$libinit$$0000000D) for .ARM.Collect$$libinit$$0000000D
    libinit2.o(.ARM.Collect$$libinit$$00000014) refers to libinit2.o(.ARM.Collect$$libinit$$0000000D) for .ARM.Collect$$libinit$$0000000D
    libinit2.o(.ARM.Collect$$libinit$$00000016) refers to libinit2.o(.ARM.Collect$$libinit$$0000000D) for .ARM.Collect$$libinit$$0000000D
    libinit2.o(.ARM.Collect$$libinit$$00000024) refers to argv_veneer.o(.text) for __ARM_argv_veneer
    libinit2.o(.ARM.Collect$$libinit$$00000025) refers to argv_veneer.o(.text) for __ARM_argv_veneer
    sys_exit.o(.text) refers (Special) to use_no_semi.o(.text) for __I$use$semihosting
    sys_exit.o(.text) refers (Special) to indicate_semi.o(.text) for __semihosting_library_function
    rtexit2.o(.ARM.Collect$$rtexit$$00000003) refers to libshutdown.o(.ARM.Collect$$libshutdown$$00000000) for __rt_lib_shutdown
    rtexit2.o(.ARM.Collect$$rtexit$$00000004) refers to sys_exit.o(.text) for _sys_exit
    rtexit2.o(.ARM.exidx) refers to rtexit2.o(.ARM.Collect$$rtexit$$00000001) for .ARM.Collect$$rtexit$$00000001
    rtexit2.o(.ARM.exidx) refers to rtexit2.o(.ARM.Collect$$rtexit$$00000003) for .ARM.Collect$$rtexit$$00000003
    rtexit2.o(.ARM.exidx) refers to rtexit2.o(.ARM.Collect$$rtexit$$00000004) for .ARM.Collect$$rtexit$$00000004
    __raise.o(.text) refers to defsig.o(CL$$defsig) for __default_signal_handler
    defsig_general.o(.text) refers to sys_wrch.o(.text) for _ttywrch
    sys_wrch.o(.text) refers (Special) to use_no_semi.o(.text) for __I$use$semihosting
    sys_wrch.o(.text) refers (Special) to indicate_semi.o(.text) for __semihosting_library_function
    defsig.o(CL$$defsig) refers to defsig_fpe_inner.o(.text) for __rt_SIGFPE_inner
    defsig.o(CL$$defsig) refers to defsig_rtmem_inner.o(.text) for __rt_SIGRTMEM_inner
    _get_argv_nomalloc.o(.text) refers (Special) to hrguard.o(.text) for __heap_region$guard
    _get_argv_nomalloc.o(.text) refers to defsig_rtmem_outer.o(.text) for __rt_SIGRTMEM
    _get_argv_nomalloc.o(.text) refers to sys_command.o(.text) for _sys_command_string
    libshutdown.o(.ARM.Collect$$libshutdown$$00000000) refers (Special) to libshutdown2.o(.ARM.Collect$$libshutdown$$00000006) for __rt_lib_shutdown_fp_trap_1
    libshutdown.o(.ARM.Collect$$libshutdown$$00000000) refers (Special) to libshutdown2.o(.ARM.Collect$$libshutdown$$0000000E) for __rt_lib_shutdown_heap_1
    libshutdown.o(.ARM.Collect$$libshutdown$$00000000) refers (Special) to libshutdown2.o(.ARM.Collect$$libshutdown$$0000000F) for __rt_lib_shutdown_return
    libshutdown.o(.ARM.Collect$$libshutdown$$00000000) refers (Special) to libshutdown2.o(.ARM.Collect$$libshutdown$$00000009) for __rt_lib_shutdown_signal_1
    libshutdown.o(.ARM.Collect$$libshutdown$$00000000) refers (Special) to libshutdown2.o(.ARM.Collect$$libshutdown$$00000003) for __rt_lib_shutdown_stdio_1
    libshutdown.o(.ARM.Collect$$libshutdown$$00000000) refers (Special) to libshutdown2.o(.ARM.Collect$$libshutdown$$0000000B) for __rt_lib_shutdown_user_alloc_1
    sys_command.o(.text) refers (Special) to use_no_semi.o(.text) for __I$use$semihosting
    sys_command.o(.text) refers (Special) to indicate_semi.o(.text) for __semihosting_library_function
    defsig_abrt_inner.o(.text) refers to defsig_general.o(.text) for __default_signal_display
    defsig_rtred_inner.o(.text) refers to defsig_general.o(.text) for __default_signal_display
    defsig_rtmem_inner.o(.text) refers to defsig_general.o(.text) for __default_signal_display
    defsig_rtmem_outer.o(.text) refers to defsig_rtmem_inner.o(.text) for __rt_SIGRTMEM_inner
    defsig_rtmem_outer.o(.text) refers to defsig_exit.o(.text) for __sig_exit
    defsig_rtmem_formal.o(.text) refers to rt_raise.o(.text) for __rt_raise
    defsig_stak_inner.o(.text) refers to defsig_general.o(.text) for __default_signal_display
    defsig_pvfn_inner.o(.text) refers to defsig_general.o(.text) for __default_signal_display
    defsig_cppl_inner.o(.text) refers to defsig_general.o(.text) for __default_signal_display
    defsig_segv_inner.o(.text) refers to defsig_general.o(.text) for __default_signal_display
    defsig_other.o(.text) refers to defsig_general.o(.text) for __default_signal_display


==============================================================================

Removing Unused input sections from the image.

    Removing system_nrf51.o(.rev16_text), (4 bytes).
    Removing system_nrf51.o(.revsh_text), (4 bytes).
    Removing main.o(.rev16_text), (4 bytes).
    Removing main.o(.revsh_text), (4 bytes).
    Removing app_timer.o(.rev16_text), (4 bytes).
    Removing app_timer.o(.revsh_text), (4 bytes).
    Removing ble_stack_handler.o(.rev16_text), (4 bytes).
    Removing ble_stack_handler.o(.revsh_text), (4 bytes).

8 unused section(s) (total 32 bytes) removed from the image.

==============================================================================

Image Symbol Table

    Local Symbols

    Symbol Name                              Value     Ov Type        Size  Object(Section)

    ../clib/angel/boardlib.s                 0x00000000   Number         0  boardshut.o ABSOLUTE
    ../clib/angel/boardlib.s                 0x00000000   Number         0  boardinit3.o ABSOLUTE
    ../clib/angel/boardlib.s                 0x00000000   Number         0  boardinit2.o ABSOLUTE
    ../clib/angel/boardlib.s                 0x00000000   Number         0  boardinit1.o ABSOLUTE
    ../clib/angel/handlers.s                 0x00000000   Number         0  __scatter_copy.o ABSOLUTE
    ../clib/angel/handlers.s                 0x00000000   Number         0  __scatter_zi.o ABSOLUTE
    ../clib/angel/kernel.s                   0x00000000   Number         0  rtentry4.o ABSOLUTE
    ../clib/angel/kernel.s                   0x00000000   Number         0  rtentry2.o ABSOLUTE
    ../clib/angel/kernel.s                   0x00000000   Number         0  rtexit2.o ABSOLUTE
    ../clib/angel/kernel.s                   0x00000000   Number         0  rtexit.o ABSOLUTE
    ../clib/angel/kernel.s                   0x00000000   Number         0  rtentry.o ABSOLUTE
    ../clib/angel/rt.s                       0x00000000   Number         0  rt_raise.o ABSOLUTE
    ../clib/angel/rt.s                       0x00000000   Number         0  rt_div0.o ABSOLUTE
    ../clib/angel/rt.s                       0x00000000   Number         0  aeabi_ldiv0_sigfpe.o ABSOLUTE
    ../clib/angel/rt.s                       0x00000000   Number         0  aeabi_ldiv0.o ABSOLUTE
    ../clib/angel/rt.s                       0x00000000   Number         0  aeabi_idiv0_sigfpe.o ABSOLUTE
    ../clib/angel/rt.s                       0x00000000   Number         0  aeabi_idiv0.o ABSOLUTE
    ../clib/angel/scatterp.s                 0x00000000   Number         0  __scatter.o ABSOLUTE
    ../clib/angel/startup.s                  0x00000000   Number         0  __main.o ABSOLUTE
    ../clib/angel/sys.s                      0x00000000   Number         0  indicate_semi.o ABSOLUTE
    ../clib/angel/sys.s                      0x00000000   Number         0  use_no_semi.o ABSOLUTE
    ../clib/angel/sys.s                      0x00000000   Number         0  sys_stackheap_outer.o ABSOLUTE
    ../clib/angel/sys.s                      0x00000000   Number         0  tempstk.o ABSOLUTE
    ../clib/angel/sys.s                      0x00000000   Number         0  libspace.o ABSOLUTE
    ../clib/angel/sysapp.c                   0x00000000   Number         0  sys_exit.o ABSOLUTE
    ../clib/angel/sysapp.c                   0x00000000   Number         0  sys_wrch.o ABSOLUTE
    ../clib/angel/sysapp.c                   0x00000000   Number         0  sys_command.o ABSOLUTE
    ../clib/armsys.c                         0x00000000   Number         0  argv_veneer.o ABSOLUTE
    ../clib/armsys.c                         0x00000000   Number         0  no_argv.o ABSOLUTE
    ../clib/armsys.c                         0x00000000   Number         0  _get_argv_nomalloc.o ABSOLUTE
    ../clib/division.c                       0x00000000   Number         0  lludiv.o ABSOLUTE
    ../clib/division.s                       0x00000000   Number         0  aeabi_sdiv_div0.o ABSOLUTE
    ../clib/division.s                       0x00000000   Number         0  aeabi_sdiv.o ABSOLUTE
    ../clib/heapalloc.c                      0x00000000   Number         0  hrguard.o ABSOLUTE
    ../clib/heapaux.c                        0x00000000   Number         0  heapauxi.o ABSOLUTE
    ../clib/libinit.s                        0x00000000   Number         0  libinit.o ABSOLUTE
    ../clib/libinit.s                        0x00000000   Number         0  libshutdown2.o ABSOLUTE
    ../clib/libinit.s                        0x00000000   Number         0  libinit2.o ABSOLUTE
    ../clib/libinit.s                        0x00000000   Number         0  libshutdown.o ABSOLUTE
    ../clib/memcpset.c                       0x00000000   Number         0  rt_memclr.o ABSOLUTE
    ../clib/memcpset.c                       0x00000000   Number         0  rt_memmove.o ABSOLUTE
    ../clib/memcpset.c                       0x00000000   Number         0  rt_memcpy.o ABSOLUTE
    ../clib/memcpset.c                       0x00000000   Number         0  rt_memcpy.o ABSOLUTE
    ../clib/signal.c                         0x00000000   Number         0  defsig_fpe_formal.o ABSOLUTE
    ../clib/signal.c                         0x00000000   Number         0  defsig_other.o ABSOLUTE
    ../clib/signal.c                         0x00000000   Number         0  defsig_segv_inner.o ABSOLUTE
    ../clib/signal.c                         0x00000000   Number         0  defsig_cppl_inner.o ABSOLUTE
    ../clib/signal.c                         0x00000000   Number         0  defsig_pvfn_inner.o ABSOLUTE
    ../clib/signal.c                         0x00000000   Number         0  defsig_general.o ABSOLUTE
    ../clib/signal.c                         0x00000000   Number         0  defsig_fpe_outer.o ABSOLUTE
    ../clib/signal.c                         0x00000000   Number         0  defsig_stak_inner.o ABSOLUTE
    ../clib/signal.c                         0x00000000   Number         0  __raise.o ABSOLUTE
    ../clib/signal.c                         0x00000000   Number         0  defsig_fpe_inner.o ABSOLUTE
    ../clib/signal.c                         0x00000000   Number         0  defsig_exit.o ABSOLUTE
    ../clib/signal.c                         0x00000000   Number         0  defsig_rtmem_outer.o ABSOLUTE
    ../clib/signal.c                         0x00000000   Number         0  defsig_rtmem_inner.o ABSOLUTE
    ../clib/signal.c                         0x00000000   Number         0  defsig_abrt_inner.o ABSOLUTE
    ../clib/signal.c                         0x00000000   Number         0  defsig_rtmem_formal.o ABSOLUTE
    ../clib/signal.c                         0x00000000   Number         0  defsig_rtred_inner.o ABSOLUTE
    ../clib/signal.s                         0x00000000   Number         0  defsig.o ABSOLUTE
    ../clib/stdlib.c                         0x00000000   Number         0  exit.o ABSOLUTE
    ../clib/string.c                         0x00000000   Number         0  strlen.o ABSOLUTE
    ../clib/string.c                         0x00000000   Number         0  memcmp.o ABSOLUTE
    ../clib/string.c                         0x00000000   Number         0  strcpy.o ABSOLUTE
    ../fplib/cfplib/fpinit.c                 0x00000000   Number         0  fpinit.o ABSOLUTE
    ..\..\..\..\..\Source\ble\app_timer.c    0x00000000   Number         0  app_timer.o ABSOLUTE
    ..\..\..\..\..\Source\ble\ble_advdata.c  0x00000000   Number         0  ble_advdata.o ABSOLUTE
    ..\..\..\..\..\Source\ble\ble_conn_params.c 0x00000000   Number         0  ble_conn_params.o ABSOLUTE
    ..\..\..\..\..\Source\ble\ble_services\ble_bas.c 0x00000000   Number         0  ble_bas.o ABSOLUTE
    ..\..\..\..\..\Source\ble\ble_services\ble_dis.c 0x00000000   Number         0  ble_dis.o ABSOLUTE
    ..\..\..\..\..\Source\ble\ble_services\ble_hrs.c 0x00000000   Number         0  ble_hrs.o ABSOLUTE
    ..\..\..\..\..\Source\ble\ble_services\ble_srv_common.c 0x00000000   Number         0  ble_srv_common.o ABSOLUTE
    ..\..\..\..\..\Source\ble\ble_stack_handler.c 0x00000000   Number         0  ble_stack_handler.o ABSOLUTE
    ..\..\..\..\..\Source\ble\ble_uuid_util.c 0x00000000   Number         0  ble_uuid_util.o ABSOLUTE
    ..\..\..\..\..\Source\templates\arm\arm_startup_nrf51.s 0x00000000   Number         0  arm_startup_nrf51.o ABSOLUTE
    ..\..\..\..\..\Source\templates\system_nrf51.c 0x00000000   Number         0  system_nrf51.o ABSOLUTE
    ..\\..\\..\\..\\..\\Source\\ble\\app_timer.c 0x00000000   Number         0  app_timer.o ABSOLUTE
    ..\\..\\..\\..\\..\\Source\\ble\\ble_stack_handler.c 0x00000000   Number         0  ble_stack_handler.o ABSOLUTE
    ..\\..\\..\\..\\..\\Source\\templates\\system_nrf51.c 0x00000000   Number         0  system_nrf51.o ABSOLUTE
    ..\\main.c                               0x00000000   Number         0  main.o ABSOLUTE
    ..\main.c                                0x00000000   Number         0  main.o ABSOLUTE
    dc.s                                     0x00000000   Number         0  dc.o ABSOLUTE
    RESET                                    0x00020000   Section      192  arm_startup_nrf51.o(RESET)
    !!!main                                  0x000200c0   Section        8  __main.o(!!!main)
    !!!scatter                               0x000200c8   Section       60  __scatter.o(!!!scatter)
    !!handler_copy                           0x00020104   Section       26  __scatter_copy.o(!!handler_copy)
    !!handler_zi                             0x00020120   Section       28  __scatter_zi.o(!!handler_zi)
    .ARM.Collect$$libinit$$00000000          0x0002013c   Section        2  libinit.o(.ARM.Collect$$libinit$$00000000)
    .ARM.Collect$$libinit$$00000001          0x0002013e   Section        4  libinit2.o(.ARM.Collect$$libinit$$00000001)
    .ARM.Collect$$libinit$$00000008          0x00020142   Section        0  libinit2.o(.ARM.Collect$$libinit$$00000008)
    .ARM.Collect$$libinit$$0000000A          0x00020142   Section        0  libinit2.o(.ARM.Collect$$libinit$$0000000A)
    .ARM.Collect$$libinit$$0000000C          0x00020142   Section        0  libinit2.o(.ARM.Collect$$libinit$$0000000C)
    .ARM.Collect$$libinit$$0000000F          0x00020142   Section        0  libinit2.o(.ARM.Collect$$libinit$$0000000F)
    .ARM.Collect$$libinit$$00000011          0x00020142   Section        0  libinit2.o(.ARM.Collect$$libinit$$00000011)
    .ARM.Collect$$libinit$$00000013          0x00020142   Section        0  libinit2.o(.ARM.Collect$$libinit$$00000013)
    .ARM.Collect$$libinit$$00000015          0x00020142   Section        0  libinit2.o(.ARM.Collect$$libinit$$00000015)
    .ARM.Collect$$libinit$$00000017          0x00020142   Section        0  libinit2.o(.ARM.Collect$$libinit$$00000017)
    .ARM.Collect$$libinit$$00000019          0x00020142   Section        0  libinit2.o(.ARM.Collect$$libinit$$00000019)
    .ARM.Collect$$libinit$$0000001B          0x00020142   Section        0  libinit2.o(.ARM.Collect$$libinit$$0000001B)
    .ARM.Collect$$libinit$$0000001D          0x00020142   Section        0  libinit2.o(.ARM.Collect$$libinit$$0000001D)
    .ARM.Collect$$libinit$$0000001F          0x00020142   Section        0  libinit2.o(.ARM.Collect$$libinit$$0000001F)
    .ARM.Collect$$libinit$$00000021          0x00020142   Section        0  libinit2.o(.ARM.Collect$$libinit$$00000021)
    .ARM.Collect$$libinit$$00000023          0x00020142   Section        0  libinit2.o(.ARM.Collect$$libinit$$00000023)
    .ARM.Collect$$libinit$$0000002A          0x00020142   Section        0  libinit2.o(.ARM.Collect$$libinit$$0000002A)
    .ARM.Collect$$libinit$$0000002C          0x00020142   Section        0  libinit2.o(.ARM.Collect$$libinit$$0000002C)
    .ARM.Collect$$libinit$$0000002E          0x00020142   Section        0  libinit2.o(.ARM.Collect$$libinit$$0000002E)
    .ARM.Collect$$libinit$$00000030          0x00020142   Section        0  libinit2.o(.ARM.Collect$$libinit$$00000030)
    .ARM.Collect$$libinit$$00000031          0x00020142   Section        2  libinit2.o(.ARM.Collect$$libinit$$00000031)
    .ARM.Collect$$libshutdown$$00000000      0x00020144   Section        2  libshutdown.o(.ARM.Collect$$libshutdown$$00000000)
    .ARM.Collect$$libshutdown$$00000003      0x00020146   Section        0  libshutdown2.o(.ARM.Collect$$libshutdown$$00000003)
    .ARM.Collect$$libshutdown$$00000006      0x00020146   Section        0  libshutdown2.o(.ARM.Collect$$libshutdown$$00000006)
    .ARM.Collect$$libshutdown$$00000009      0x00020146   Section        0  libshutdown2.o(.ARM.Collect$$libshutdown$$00000009)
    .ARM.Collect$$libshutdown$$0000000B      0x00020146   Section        0  libshutdown2.o(.ARM.Collect$$libshutdown$$0000000B)
    .ARM.Collect$$libshutdown$$0000000E      0x00020146   Section        0  libshutdown2.o(.ARM.Collect$$libshutdown$$0000000E)
    .ARM.Collect$$libshutdown$$0000000F      0x00020146   Section        2  libshutdown2.o(.ARM.Collect$$libshutdown$$0000000F)
    .ARM.Collect$$rtentry$$00000000          0x00020148   Section        0  rtentry.o(.ARM.Collect$$rtentry$$00000000)
    .ARM.Collect$$rtentry$$00000002          0x00020148   Section        0  rtentry2.o(.ARM.Collect$$rtentry$$00000002)
    .ARM.Collect$$rtentry$$00000004          0x00020148   Section        6  rtentry4.o(.ARM.Collect$$rtentry$$00000004)
    .ARM.Collect$$rtentry$$00000009          0x0002014e   Section        0  rtentry2.o(.ARM.Collect$$rtentry$$00000009)
    .ARM.Collect$$rtentry$$0000000A          0x0002014e   Section        4  rtentry2.o(.ARM.Collect$$rtentry$$0000000A)
    .ARM.Collect$$rtentry$$0000000C          0x00020152   Section        0  rtentry2.o(.ARM.Collect$$rtentry$$0000000C)
    .ARM.Collect$$rtentry$$0000000D          0x00020152   Section        8  rtentry2.o(.ARM.Collect$$rtentry$$0000000D)
    .ARM.Collect$$rtexit$$00000000           0x0002015a   Section        2  rtexit.o(.ARM.Collect$$rtexit$$00000000)
    .ARM.Collect$$rtexit$$00000002           0x0002015c   Section        0  rtexit2.o(.ARM.Collect$$rtexit$$00000002)
    .ARM.Collect$$rtexit$$00000003           0x0002015c   Section        4  rtexit2.o(.ARM.Collect$$rtexit$$00000003)
    .ARM.Collect$$rtexit$$00000004           0x00020160   Section        6  rtexit2.o(.ARM.Collect$$rtexit$$00000004)
    .emb_text                                0x00020168   Section       56  rt_memcpy.o(.emb_text)
    .text                                    0x000201a0   Section       56  arm_startup_nrf51.o(.text)
    .text                                    0x000201d8   Section        0  system_nrf51.o(.text)
    .text                                    0x000201fc   Section        0  main.o(.text)
    battery_level_update                     0x00020213   Thumb Code    44  main.o(.text)
    adc_start                                0x0002023f   Thumb Code    14  main.o(.text)
    battery_level_meas_timeout_handler       0x0002024d   Thumb Code    22  main.o(.text)
    heart_rate_meas_timeout_handler          0x00020263   Thumb Code    58  main.o(.text)
    adc_init                                 0x0002029d   Thumb Code   134  main.o(.text)
    timer1_init                              0x00020323   Thumb Code   102  main.o(.text)
    ppi_init                                 0x00020389   Thumb Code    76  main.o(.text)
    gpiote_init                              0x000203d5   Thumb Code   128  main.o(.text)
    buttons_init                             0x00020455   Thumb Code    24  main.o(.text)
    timers_init                              0x0002046d   Thumb Code    26  main.o(.text)
    gap_params_init                          0x00020487   Thumb Code   122  main.o(.text)
    advertising_init                         0x00020501   Thumb Code   100  main.o(.text)
    services_init                            0x00020565   Thumb Code   572  main.o(.text)
    sec_params_init                          0x000207a1   Thumb Code    66  main.o(.text)
    application_timers_start                 0x000207e3   Thumb Code    72  main.o(.text)
    led_start_flashing                       0x0002082b   Thumb Code    22  main.o(.text)
    led_stop_flashing                        0x00020841   Thumb Code    26  main.o(.text)
    advertising_start                        0x0002085b   Thumb Code    28  main.o(.text)
    conn_params_error_handler                0x00020877   Thumb Code    10  main.o(.text)
    conn_params_init                         0x00020881   Thumb Code    74  main.o(.text)
    system_off_mode_enter                    0x000208cb   Thumb Code    22  main.o(.text)
    on_ble_evt                               0x000208e1   Thumb Code   184  main.o(.text)
    battery_level_in_percent                 0x00020999   Thumb Code   148  main.o(.text)
    ble_evt_dispatch                         0x00020add   Thumb Code    34  main.o(.text)
    ble_stack_init                           0x00020aff   Thumb Code    26  main.o(.text)
    pins_init                                0x00020b75   Thumb Code    38  main.o(.text)
    power_manage                             0x00020b9b   Thumb Code    22  main.o(.text)
    pwm_config_init                          0x00020bb1   Thumb Code    16  main.o(.text)
    nrf_gpio_pin_read                        0x00020c19   Thumb Code    14  main.o(.text)
    nrf_gpiote_task_config                   0x00020c27   Thumb Code    86  main.o(.text)
    .text                                    0x00020cac   Section        0  ble_dis.o(.text)
    sys_id_encode                            0x00020cad   Thumb Code   120  ble_dis.o(.text)
    pnp_id_encode                            0x00020d25   Thumb Code    92  ble_dis.o(.text)
    char_add                                 0x00020d81   Thumb Code   176  ble_dis.o(.text)
    uint16_encode                            0x00020fb3   Thumb Code    12  ble_dis.o(.text)
    .text                                    0x00021024   Section        0  ble_bas.o(.text)
    on_connect                               0x00021025   Thumb Code     6  ble_bas.o(.text)
    on_disconnect                            0x0002102b   Thumb Code     8  ble_bas.o(.text)
    on_write                                 0x00021033   Thumb Code    80  ble_bas.o(.text)
    battery_level_char_add                   0x000210bd   Thumb Code   410  ble_bas.o(.text)
    .text                                    0x0002131c   Section        0  ble_hrs.o(.text)
    on_connect                               0x0002131d   Thumb Code     6  ble_hrs.o(.text)
    on_disconnect                            0x00021323   Thumb Code     8  ble_hrs.o(.text)
    on_cccd_write                            0x0002132b   Thumb Code    62  ble_hrs.o(.text)
    on_write                                 0x00021369   Thumb Code    26  ble_hrs.o(.text)
    hrm_encode                               0x000213bd   Thumb Code   186  ble_hrs.o(.text)
    heart_rate_measurement_char_add          0x00021477   Thumb Code   208  ble_hrs.o(.text)
    body_sensor_location_char_add            0x00021547   Thumb Code   156  ble_hrs.o(.text)
    uint16_encode                            0x0002172b   Thumb Code    12  ble_hrs.o(.text)
    .text                                    0x00021744   Section        0  ble_conn_params.o(.text)
    is_conn_params_ok                        0x00021745   Thumb Code    30  ble_conn_params.o(.text)
    update_timeout_handler                   0x00021763   Thumb Code   130  ble_conn_params.o(.text)
    conn_params_negotiation                  0x0002183b   Thumb Code    86  ble_conn_params.o(.text)
    on_connect                               0x00021891   Thumb Code    42  ble_conn_params.o(.text)
    on_disconnect                            0x000218bb   Thumb Code    26  ble_conn_params.o(.text)
    on_write                                 0x000218d5   Thumb Code    58  ble_conn_params.o(.text)
    on_conn_params_update                    0x0002190f   Thumb Code    20  ble_conn_params.o(.text)
    .text                                    0x00021978   Section        0  ble_advdata.o(.text)
    name_encode                              0x00021979   Thumb Code   106  ble_advdata.o(.text)
    appearance_encode                        0x000219e3   Thumb Code    74  ble_advdata.o(.text)
    uint8_array_encode                       0x00021a2d   Thumb Code    82  ble_advdata.o(.text)
    tx_power_level_encode                    0x00021a7f   Thumb Code    48  ble_advdata.o(.text)
    uuid_list_sized_encode                   0x00021aaf   Thumb Code   200  ble_advdata.o(.text)
    uuid_list_encode                         0x00021b77   Thumb Code    64  ble_advdata.o(.text)
    conn_int_check                           0x00021bb7   Thumb Code    88  ble_advdata.o(.text)
    conn_int_encode                          0x00021c0f   Thumb Code    92  ble_advdata.o(.text)
    manuf_specific_data_encode               0x00021c6b   Thumb Code   106  ble_advdata.o(.text)
    service_data_encode                      0x00021cd5   Thumb Code   140  ble_advdata.o(.text)
    adv_data_encode                          0x00021d61   Thumb Code   304  ble_advdata.o(.text)
    advdata_check                            0x00021e91   Thumb Code    32  ble_advdata.o(.text)
    srdata_check                             0x00021eb1   Thumb Code    16  ble_advdata.o(.text)
    uint16_encode                            0x00021f3b   Thumb Code    12  ble_advdata.o(.text)
    .text                                    0x00021f4c   Section        0  ble_srv_common.o(.text)
    .text                                    0x00021fc0   Section        0  ble_uuid_util.o(.text)
    uint16_encode                            0x000220b7   Thumb Code    12  ble_uuid_util.o(.text)
    uint16_decode                            0x000220c3   Thumb Code    12  ble_uuid_util.o(.text)
    .text                                    0x000220d8   Section        0  app_timer.o(.text)
    rtc_init                                 0x000220d9   Thumb Code   120  app_timer.o(.text)
    rtc_counter_get                          0x00022151   Thumb Code     6  app_timer.o(.text)
    rtc_comparereg_update                    0x00022157   Thumb Code    48  app_timer.o(.text)
    rtc_start                                0x00022187   Thumb Code    10  app_timer.o(.text)
    rtc_stop                                 0x00022191   Thumb Code    10  app_timer.o(.text)
    queue_remove_first                       0x0002219b   Thumb Code    30  app_timer.o(.text)
    queue_add                                0x000221b9   Thumb Code   146  app_timer.o(.text)
    timers_update                            0x0002224b   Thumb Code   220  app_timer.o(.text)
    .text                                    0x00022528   Section        0  ble_stack_handler.o(.text)
    softdevice_assertion_handler             0x00022529   Thumb Code    18  ble_stack_handler.o(.text)
    .text                                    0x000225c8   Section        0  lludiv.o(.text)
    .text                                    0x000226ca   Section        0  memcmp.o(.text)
    .text                                    0x00022724   Section        0  strcpy.o(.text)
    .text                                    0x00022770   Section        0  strlen.o(.text)
    .text                                    0x000227b4   Section        0  rt_memcpy.o(.text)
    .text                                    0x00022836   Section        0  rt_memmove.o(.text)
    .text                                    0x000228cc   Section        0  rt_memclr.o(.text)
    .text                                    0x0002290c   Section      346  aeabi_sdiv.o(.text)
    .text                                    0x00022a66   Section        0  heapauxi.o(.text)
    .text                                    0x00022a6c   Section       62  sys_stackheap_outer.o(.text)
    .text                                    0x00022aaa   Section        0  exit.o(.text)
    .text                                    0x00022ab8   Section        8  libspace.o(.text)
    .text                                    0x00022ac0   Section        0  sys_exit.o(.text)
    .text                                    0x00022acc   Section        2  use_no_semi.o(.text)
    .text                                    0x00022ace   Section        0  indicate_semi.o(.text)
    i.__ARM_common_ll_muluu                  0x00022ace   Section        0  app_timer.o(i.__ARM_common_ll_muluu)
    .constdata                               0x00022b00   Section       12  main.o(.constdata)
    .constdata                               0x00022b0c   Section       16  ble_uuid_util.o(.constdata)
    s_base_uuid128_default                   0x00022b0c   Data          16  ble_uuid_util.o(.constdata)
    .data                                    0x20002000   Section        4  system_nrf51.o(.data)
    .data                                    0x20002004   Section       12  main.o(.data)
    s_line_num                               0x20002004   Data           2  main.o(.data)
    s_conn_handle                            0x20002006   Data           2  main.o(.data)
    s_sec_params                             0x20002008   Data           6  main.o(.data)
    s_cur_heart_rate                         0x2000200e   Data           2  main.o(.data)
    .data                                    0x20002010   Section       74  ble_dis.o(.data)
    service_handle                           0x20002010   Data           2  ble_dis.o(.data)
    manufact_name_handles                    0x20002012   Data           8  ble_dis.o(.data)
    model_num_handles                        0x2000201a   Data           8  ble_dis.o(.data)
    serial_num_handles                       0x20002022   Data           8  ble_dis.o(.data)
    hw_rev_handles                           0x2000202a   Data           8  ble_dis.o(.data)
    fw_rev_handles                           0x20002032   Data           8  ble_dis.o(.data)
    sw_rev_handles                           0x2000203a   Data           8  ble_dis.o(.data)
    sys_id_handles                           0x20002042   Data           8  ble_dis.o(.data)
    reg_cert_data_list_handles               0x2000204a   Data           8  ble_dis.o(.data)
    pnp_id_handles                           0x20002052   Data           8  ble_dis.o(.data)
    .data                                    0x2000205a   Section       20  ble_conn_params.o(.data)
    s_preferred_conn_params                  0x2000205a   Data           8  ble_conn_params.o(.data)
    s_update_count                           0x20002062   Data           1  ble_conn_params.o(.data)
    s_conn_handle                            0x20002064   Data           2  ble_conn_params.o(.data)
    s_current_conn_params                    0x20002066   Data           8  ble_conn_params.o(.data)
    .data                                    0x20002070   Section        5  ble_uuid_util.o(.data)
    sp_base_uuid128                          0x20002070   Data           4  ble_uuid_util.o(.data)
    s_base_uuid128_count                     0x20002074   Data           1  ble_uuid_util.o(.data)
    .data                                    0x20002078   Section        8  app_timer.o(.data)
    sp_timer_queue                           0x20002078   Data           4  app_timer.o(.data)
    s_issue_evt_func                         0x2000207c   Data           4  app_timer.o(.data)
    .data                                    0x20002080   Section        4  ble_stack_handler.o(.data)
    s_ble_stack_evt_handler                  0x20002080   Data           4  ble_stack_handler.o(.data)
    .bss                                     0x20002084   Section      304  main.o(.bss)
    s_file_name                              0x20002084   Data         128  main.o(.bss)
    s_auth_status                            0x20002104   Data          50  main.o(.bss)
    s_adv_params                             0x20002138   Data          20  main.o(.bss)
    s_bas                                    0x2000214c   Data          24  main.o(.bss)
    s_hrs                                    0x20002164   Data          80  main.o(.bss)
    .bss                                     0x200021b4   Section       24  ble_conn_params.o(.bss)
    s_conn_params_config                     0x200021b4   Data          24  ble_conn_params.o(.bss)
    .bss                                     0x200021cc   Section       84  app_timer.o(.bss)
    s_timer_queue_mem                        0x200021cc   Data          84  app_timer.o(.bss)
    .bss                                     0x20002220   Section       96  libspace.o(.bss)
    HEAP                                     0x20002280   Section     2048  arm_startup_nrf51.o(HEAP)
    Heap_Mem                                 0x20002280   Data        2048  arm_startup_nrf51.o(HEAP)
    STACK                                    0x20002a80   Section     2048  arm_startup_nrf51.o(STACK)
    Stack_Mem                                0x20002a80   Data        2048  arm_startup_nrf51.o(STACK)
    __initial_sp                             0x20003280   Data           0  arm_startup_nrf51.o(STACK)

    Global Symbols

    Symbol Name                              Value     Ov Type        Size  Object(Section)

    BuildAttributes$$THM_ISAv3M$S$PE$A:L22$X:L11$S22$IEEE1$IW$USESV6$~STKCKD$USESV7$ENUMINT$~SHL$OSPACE$ROPI$EBA8$UX$STANDARDLIB$REQ8$PRES8$EABIv2 0x00000000   Number         0  anon$$obj.o ABSOLUTE
    __ARM_use_no_argv                        0x00000000   Number         0  main.o ABSOLUTE
    __ARM_exceptions_init                     - Undefined Weak Reference
    __alloca_initialize                       - Undefined Weak Reference
    __cpp_initialize__aeabi_                  - Undefined Weak Reference
    __cxa_finalize                            - Undefined Weak Reference
    __rt_locale                               - Undefined Weak Reference
    __sigvec_lookup                           - Undefined Weak Reference
    _atexit_init                              - Undefined Weak Reference
    _call_atexit_fns                          - Undefined Weak Reference
    _clock_init                               - Undefined Weak Reference
    _fp_trap_init                             - Undefined Weak Reference
    _fp_trap_shutdown                         - Undefined Weak Reference
    _get_lc_collate                           - Undefined Weak Reference
    _get_lc_ctype                             - Undefined Weak Reference
    _get_lc_monetary                          - Undefined Weak Reference
    _get_lc_numeric                           - Undefined Weak Reference
    _get_lc_time                              - Undefined Weak Reference
    _getenv_init                              - Undefined Weak Reference
    _handle_redirection                       - Undefined Weak Reference
    _init_alloc                               - Undefined Weak Reference
    _init_user_alloc                          - Undefined Weak Reference
    _initio                                   - Undefined Weak Reference
    _rand_init                                - Undefined Weak Reference
    _signal_finish                            - Undefined Weak Reference
    _signal_init                              - Undefined Weak Reference
    _terminate_alloc                          - Undefined Weak Reference
    _terminate_user_alloc                     - Undefined Weak Reference
    _terminateio                              - Undefined Weak Reference
    __Vectors_Size                           0x000000c0   Number         0  arm_startup_nrf51.o ABSOLUTE
    __Vectors                                0x00020000   Data           4  arm_startup_nrf51.o(RESET)
    __Vectors_End                            0x000200c0   Data           0  arm_startup_nrf51.o(RESET)
    __main                                   0x000200c1   Thumb Code     8  __main.o(!!!main)
    __scatterload                            0x000200c9   Thumb Code     0  __scatter.o(!!!scatter)
    __scatterload_rt2                        0x000200c9   Thumb Code    52  __scatter.o(!!!scatter)
    __scatterload_rt2_thumb_only             0x000200c9   Thumb Code     0  __scatter.o(!!!scatter)
    __scatterload_null                       0x000200d9   Thumb Code     0  __scatter.o(!!!scatter)
    __scatterload_copy                       0x00020105   Thumb Code    26  __scatter_copy.o(!!handler_copy)
    __scatterload_zeroinit                   0x00020121   Thumb Code    28  __scatter_zi.o(!!handler_zi)
    __rt_lib_init                            0x0002013d   Thumb Code     0  libinit.o(.ARM.Collect$$libinit$$00000000)
    __rt_lib_init_fp_1                       0x0002013f   Thumb Code     0  libinit2.o(.ARM.Collect$$libinit$$00000001)
    __rt_lib_init_alloca_1                   0x00020143   Thumb Code     0  libinit2.o(.ARM.Collect$$libinit$$0000002C)
    __rt_lib_init_argv_1                     0x00020143   Thumb Code     0  libinit2.o(.ARM.Collect$$libinit$$0000002A)
    __rt_lib_init_atexit_1                   0x00020143   Thumb Code     0  libinit2.o(.ARM.Collect$$libinit$$00000019)
    __rt_lib_init_clock_1                    0x00020143   Thumb Code     0  libinit2.o(.ARM.Collect$$libinit$$0000001F)
    __rt_lib_init_cpp_1                      0x00020143   Thumb Code     0  libinit2.o(.ARM.Collect$$libinit$$00000030)
    __rt_lib_init_exceptions_1               0x00020143   Thumb Code     0  libinit2.o(.ARM.Collect$$libinit$$0000002E)
    __rt_lib_init_fp_trap_1                  0x00020143   Thumb Code     0  libinit2.o(.ARM.Collect$$libinit$$0000001D)
    __rt_lib_init_getenv_1                   0x00020143   Thumb Code     0  libinit2.o(.ARM.Collect$$libinit$$00000021)
    __rt_lib_init_heap_1                     0x00020143   Thumb Code     0  libinit2.o(.ARM.Collect$$libinit$$00000008)
    __rt_lib_init_lc_collate_1               0x00020143   Thumb Code     0  libinit2.o(.ARM.Collect$$libinit$$0000000F)
    __rt_lib_init_lc_ctype_1                 0x00020143   Thumb Code     0  libinit2.o(.ARM.Collect$$libinit$$00000011)
    __rt_lib_init_lc_monetary_1              0x00020143   Thumb Code     0  libinit2.o(.ARM.Collect$$libinit$$00000013)
    __rt_lib_init_lc_numeric_1               0x00020143   Thumb Code     0  libinit2.o(.ARM.Collect$$libinit$$00000015)
    __rt_lib_init_lc_time_1                  0x00020143   Thumb Code     0  libinit2.o(.ARM.Collect$$libinit$$00000017)
    __rt_lib_init_rand_1                     0x00020143   Thumb Code     0  libinit2.o(.ARM.Collect$$libinit$$0000000C)
    __rt_lib_init_return                     0x00020143   Thumb Code     0  libinit2.o(.ARM.Collect$$libinit$$00000031)
    __rt_lib_init_signal_1                   0x00020143   Thumb Code     0  libinit2.o(.ARM.Collect$$libinit$$0000001B)
    __rt_lib_init_stdio_1                    0x00020143   Thumb Code     0  libinit2.o(.ARM.Collect$$libinit$$00000023)
    __rt_lib_init_user_alloc_1               0x00020143   Thumb Code     0  libinit2.o(.ARM.Collect$$libinit$$0000000A)
    __rt_lib_shutdown                        0x00020145   Thumb Code     0  libshutdown.o(.ARM.Collect$$libshutdown$$00000000)
    __rt_lib_shutdown_fp_trap_1              0x00020147   Thumb Code     0  libshutdown2.o(.ARM.Collect$$libshutdown$$00000006)
    __rt_lib_shutdown_heap_1                 0x00020147   Thumb Code     0  libshutdown2.o(.ARM.Collect$$libshutdown$$0000000E)
    __rt_lib_shutdown_return                 0x00020147   Thumb Code     0  libshutdown2.o(.ARM.Collect$$libshutdown$$0000000F)
    __rt_lib_shutdown_signal_1               0x00020147   Thumb Code     0  libshutdown2.o(.ARM.Collect$$libshutdown$$00000009)
    __rt_lib_shutdown_stdio_1                0x00020147   Thumb Code     0  libshutdown2.o(.ARM.Collect$$libshutdown$$00000003)
    __rt_lib_shutdown_user_alloc_1           0x00020147   Thumb Code     0  libshutdown2.o(.ARM.Collect$$libshutdown$$0000000B)
    __rt_entry                               0x00020149   Thumb Code     0  rtentry.o(.ARM.Collect$$rtentry$$00000000)
    __rt_entry_presh_1                       0x00020149   Thumb Code     0  rtentry2.o(.ARM.Collect$$rtentry$$00000002)
    __rt_entry_sh                            0x00020149   Thumb Code     0  rtentry4.o(.ARM.Collect$$rtentry$$00000004)
    __rt_entry_li                            0x0002014f   Thumb Code     0  rtentry2.o(.ARM.Collect$$rtentry$$0000000A)
    __rt_entry_postsh_1                      0x0002014f   Thumb Code     0  rtentry2.o(.ARM.Collect$$rtentry$$00000009)
    __rt_entry_main                          0x00020153   Thumb Code     0  rtentry2.o(.ARM.Collect$$rtentry$$0000000D)
    __rt_entry_postli_1                      0x00020153   Thumb Code     0  rtentry2.o(.ARM.Collect$$rtentry$$0000000C)
    __rt_exit                                0x0002015b   Thumb Code     0  rtexit.o(.ARM.Collect$$rtexit$$00000000)
    __rt_exit_ls                             0x0002015d   Thumb Code     0  rtexit2.o(.ARM.Collect$$rtexit$$00000003)
    __rt_exit_prels_1                        0x0002015d   Thumb Code     0  rtexit2.o(.ARM.Collect$$rtexit$$00000002)
    __rt_exit_exit                           0x00020161   Thumb Code     0  rtexit2.o(.ARM.Collect$$rtexit$$00000004)
    __aeabi_memcpy4                          0x00020169   Thumb Code    56  rt_memcpy.o(.emb_text)
    __aeabi_memcpy8                          0x00020169   Thumb Code     0  rt_memcpy.o(.emb_text)
    Reset_Handler                            0x000201a1   Thumb Code     8  arm_startup_nrf51.o(.text)
    NMI_Handler                              0x000201a9   Thumb Code     2  arm_startup_nrf51.o(.text)
    HardFault_Handler                        0x000201ab   Thumb Code     2  arm_startup_nrf51.o(.text)
    SVC_Handler                              0x000201ad   Thumb Code     2  arm_startup_nrf51.o(.text)
    PendSV_Handler                           0x000201af   Thumb Code     2  arm_startup_nrf51.o(.text)
    SysTick_Handler                          0x000201b1   Thumb Code     2  arm_startup_nrf51.o(.text)
    CCM_AAR_IRQHandler                       0x000201b3   Thumb Code     0  arm_startup_nrf51.o(.text)
    ECB_IRQHandler                           0x000201b3   Thumb Code     0  arm_startup_nrf51.o(.text)
    POWER_CLOCK_IRQHandler                   0x000201b3   Thumb Code     0  arm_startup_nrf51.o(.text)
    QDEC_IRQHandler                          0x000201b3   Thumb Code     0  arm_startup_nrf51.o(.text)
    RADIO_IRQHandler                         0x000201b3   Thumb Code     0  arm_startup_nrf51.o(.text)
    RNG_IRQHandler                           0x000201b3   Thumb Code     0  arm_startup_nrf51.o(.text)
    RTC0_IRQHandler                          0x000201b3   Thumb Code     0  arm_startup_nrf51.o(.text)
    SPI0_TWI0_IRQHandler                     0x000201b3   Thumb Code     0  arm_startup_nrf51.o(.text)
    SPI1_TWI1_IRQHandler                     0x000201b3   Thumb Code     0  arm_startup_nrf51.o(.text)
    SWI0_IRQHandler                          0x000201b3   Thumb Code     0  arm_startup_nrf51.o(.text)
    SWI1_IRQHandler                          0x000201b3   Thumb Code     0  arm_startup_nrf51.o(.text)
    SWI3_IRQHandler                          0x000201b3   Thumb Code     0  arm_startup_nrf51.o(.text)
    SWI4_IRQHandler                          0x000201b3   Thumb Code     0  arm_startup_nrf51.o(.text)
    SWI5_IRQHandler                          0x000201b3   Thumb Code     0  arm_startup_nrf51.o(.text)
    TEMP_IRQHandler                          0x000201b3   Thumb Code     0  arm_startup_nrf51.o(.text)
    TIMER0_IRQHandler                        0x000201b3   Thumb Code     0  arm_startup_nrf51.o(.text)
    TIMER1_IRQHandler                        0x000201b3   Thumb Code     0  arm_startup_nrf51.o(.text)
    TIMER2_IRQHandler                        0x000201b3   Thumb Code     0  arm_startup_nrf51.o(.text)
    UART0_IRQHandler                         0x000201b3   Thumb Code     0  arm_startup_nrf51.o(.text)
    WDT_IRQHandler                           0x000201b3   Thumb Code     0  arm_startup_nrf51.o(.text)
    __user_initial_stackheap                 0x000201b5   Thumb Code     0  arm_startup_nrf51.o(.text)
    SystemInit                               0x000201d9   Thumb Code    14  system_nrf51.o(.text)
    SystemCoreClockUpdate                    0x000201e7   Thumb Code     8  system_nrf51.o(.text)
    assert_nrf_callback                      0x000201fd   Thumb Code    22  main.o(.text)
    ADC_IRQHandler                           0x00020a2d   Thumb Code   176  main.o(.text)
    GPIOTE_IRQHandler                        0x00020b19   Thumb Code    92  main.o(.text)
    main                                     0x00020bc1   Thumb Code    88  main.o(.text)
    ble_dis_init                             0x00020e31   Thumb Code   386  ble_dis.o(.text)
    ble_bas_on_ble_evt                       0x00021083   Thumb Code    58  ble_bas.o(.text)
    ble_bas_init                             0x00021257   Thumb Code    66  ble_bas.o(.text)
    ble_bas_battery_level_update             0x00021299   Thumb Code   114  ble_bas.o(.text)
    ble_hrs_on_ble_evt                       0x00021383   Thumb Code    58  ble_hrs.o(.text)
    ble_hrs_init                             0x000215e3   Thumb Code   108  ble_hrs.o(.text)
    ble_hrs_heart_rate_measurement_send      0x0002164f   Thumb Code    92  ble_hrs.o(.text)
    ble_hrs_rr_interval_add                  0x000216ab   Thumb Code    60  ble_hrs.o(.text)
    ble_hrs_rr_interval_buffer_is_full       0x000216e7   Thumb Code    18  ble_hrs.o(.text)
    ble_hrs_sensor_contact_supported_set     0x000216f9   Thumb Code    20  ble_hrs.o(.text)
    ble_hrs_sensor_contact_detected_update   0x0002170d   Thumb Code     6  ble_hrs.o(.text)
    ble_hrs_body_sensor_location_set         0x00021713   Thumb Code    24  ble_hrs.o(.text)
    ble_conn_params_init                     0x000217e5   Thumb Code    76  ble_conn_params.o(.text)
    ble_conn_params_stop                     0x00021831   Thumb Code    10  ble_conn_params.o(.text)
    ble_conn_params_on_ble_evt               0x00021923   Thumb Code    62  ble_conn_params.o(.text)
    ble_advdata_set                          0x00021ec1   Thumb Code   122  ble_advdata.o(.text)
    ble_srv_report_ref_encode                0x00021f4d   Thumb Code    40  ble_srv_common.o(.text)
    ble_srv_ascii_to_utf8                    0x00021f75   Thumb Code    18  ble_srv_common.o(.text)
    ble_uuid_set_base                        0x00021fc1   Thumb Code    10  ble_uuid_util.o(.text)
    ble_uuid_decode                          0x00021fcb   Thumb Code   136  ble_uuid_util.o(.text)
    ble_uuid_encode                          0x00022053   Thumb Code   100  ble_uuid_util.o(.text)
    RTC1_IRQHandler                          0x00022327   Thumb Code    48  app_timer.o(.text)
    app_timer_init                           0x00022357   Thumb Code    14  app_timer.o(.text)
    app_timer_is_running                     0x00022365   Thumb Code    72  app_timer.o(.text)
    app_timer_stop                           0x000223ad   Thumb Code   128  app_timer.o(.text)
    app_timer_start                          0x0002242d   Thumb Code   176  app_timer.o(.text)
    ble_stack_handler_init                   0x0002253b   Thumb Code    32  ble_stack_handler.o(.text)
    SWI2_IRQHandler                          0x0002255b   Thumb Code    52  ble_stack_handler.o(.text)
    __aeabi_uldivmod                         0x000225c9   Thumb Code   258  lludiv.o(.text)
    _ll_udiv                                 0x000225c9   Thumb Code     0  lludiv.o(.text)
    memcmp                                   0x000226cb   Thumb Code    90  memcmp.o(.text)
    strcpy                                   0x00022725   Thumb Code    70  strcpy.o(.text)
    strlen                                   0x00022771   Thumb Code    62  strlen.o(.text)
    __aeabi_memcpy                           0x000227b5   Thumb Code   130  rt_memcpy.o(.text)
    __rt_memcpy                              0x000227b5   Thumb Code     0  rt_memcpy.o(.text)
    __aeabi_memmove4                         0x00022837   Thumb Code    70  rt_memmove.o(.text)
    __aeabi_memmove8                         0x00022837   Thumb Code     0  rt_memmove.o(.text)
    __aeabi_memmove                          0x0002287d   Thumb Code    80  rt_memmove.o(.text)
    __rt_memmove                             0x0002287d   Thumb Code     0  rt_memmove.o(.text)
    _memset_w                                0x000228cd   Thumb Code    26  rt_memclr.o(.text)
    _memset                                  0x000228e7   Thumb Code    30  rt_memclr.o(.text)
    __aeabi_memclr                           0x00022905   Thumb Code     4  rt_memclr.o(.text)
    __rt_memclr                              0x00022905   Thumb Code     0  rt_memclr.o(.text)
    __aeabi_memclr4                          0x00022909   Thumb Code     0  rt_memclr.o(.text)
    __aeabi_memclr8                          0x00022909   Thumb Code     0  rt_memclr.o(.text)
    __rt_memclr_w                            0x00022909   Thumb Code     4  rt_memclr.o(.text)
    __aeabi_uidiv                            0x0002290d   Thumb Code     0  aeabi_sdiv.o(.text)
    __aeabi_uidivmod                         0x0002290d   Thumb Code    20  aeabi_sdiv.o(.text)
    __aeabi_idiv                             0x00022921   Thumb Code     0  aeabi_sdiv.o(.text)
    __aeabi_idivmod                          0x00022921   Thumb Code   326  aeabi_sdiv.o(.text)
    __use_two_region_memory                  0x00022a67   Thumb Code     2  heapauxi.o(.text)
    __rt_heap_escrow$2region                 0x00022a69   Thumb Code     2  heapauxi.o(.text)
    __rt_heap_expand$2region                 0x00022a6b   Thumb Code     2  heapauxi.o(.text)
    __user_setup_stackheap                   0x00022a6d   Thumb Code    62  sys_stackheap_outer.o(.text)
    exit                                     0x00022aab   Thumb Code    12  exit.o(.text)
    __user_libspace                          0x00022ab9   Thumb Code     8  libspace.o(.text)
    __user_perproc_libspace                  0x00022ab9   Thumb Code     0  libspace.o(.text)
    __user_perthread_libspace                0x00022ab9   Thumb Code     0  libspace.o(.text)
    _sys_exit                                0x00022ac1   Thumb Code     8  sys_exit.o(.text)
    __I$use$semihosting                      0x00022acd   Thumb Code     0  use_no_semi.o(.text)
    __use_no_semihosting_swi                 0x00022acd   Thumb Code     2  use_no_semi.o(.text)
    __ARM_common_ll_muluu                    0x00022acf   Thumb Code    48  app_timer.o(i.__ARM_common_ll_muluu)
    __semihosting_library_function           0x00022acf   Thumb Code     0  indicate_semi.o(.text)
    Region$$Table$$Base                      0x00022b1c   Number         0  anon$$obj.o(Region$$Table)
    Region$$Table$$Limit                     0x00022b3c   Number         0  anon$$obj.o(Region$$Table)
    SystemCoreClock                          0x20002000   Data           4  system_nrf51.o(.data)
    __libspace_start                         0x20002220   Data          96  libspace.o(.bss)
    __temporary_stack_top$libspace           0x20002280   Data           0  libspace.o(.bss)



==============================================================================

Memory Map of the image

  Image Entry point : 0x000200c1

  Load Region LR_IROM1 (Base: 0x00020000, Size: 0x00002bc0, Max: 0x00020000, ABSOLUTE)

    Execution Region ER_IROM1 (Base: 0x00020000, Size: 0x00002b3c, Max: 0x00020000, ABSOLUTE)

    Base Addr    Size         Type   Attr      Idx    E Section Name        Object

    0x00020000   0x000000c0   Data   RO            3    RESET               arm_startup_nrf51.o
    0x000200c0   0x00000008   Code   RO          474  * !!!main             c_p.l(__main.o)
    0x000200c8   0x0000003c   Code   RO          644    !!!scatter          c_p.l(__scatter.o)
    0x00020104   0x0000001a   Code   RO          646    !!handler_copy      c_p.l(__scatter_copy.o)
    0x0002011e   0x00000002   PAD
    0x00020120   0x0000001c   Code   RO          648    !!handler_zi        c_p.l(__scatter_zi.o)
    0x0002013c   0x00000002   Code   RO          516    .ARM.Collect$$libinit$$00000000  c_p.l(libinit.o)
    0x0002013e   0x00000004   Code   RO          529    .ARM.Collect$$libinit$$00000001  c_p.l(libinit2.o)
    0x00020142   0x00000000   Code   RO          533    .ARM.Collect$$libinit$$00000008  c_p.l(libinit2.o)
    0x00020142   0x00000000   Code   RO          535    .ARM.Collect$$libinit$$0000000A  c_p.l(libinit2.o)
    0x00020142   0x00000000   Code   RO          537    .ARM.Collect$$libinit$$0000000C  c_p.l(libinit2.o)
    0x00020142   0x00000000   Code   RO          540    .ARM.Collect$$libinit$$0000000F  c_p.l(libinit2.o)
    0x00020142   0x00000000   Code   RO          542    .ARM.Collect$$libinit$$00000011  c_p.l(libinit2.o)
    0x00020142   0x00000000   Code   RO          544    .ARM.Collect$$libinit$$00000013  c_p.l(libinit2.o)
    0x00020142   0x00000000   Code   RO          546    .ARM.Collect$$libinit$$00000015  c_p.l(libinit2.o)
    0x00020142   0x00000000   Code   RO          548    .ARM.Collect$$libinit$$00000017  c_p.l(libinit2.o)
    0x00020142   0x00000000   Code   RO          550    .ARM.Collect$$libinit$$00000019  c_p.l(libinit2.o)
    0x00020142   0x00000000   Code   RO          552    .ARM.Collect$$libinit$$0000001B  c_p.l(libinit2.o)
    0x00020142   0x00000000   Code   RO          554    .ARM.Collect$$libinit$$0000001D  c_p.l(libinit2.o)
    0x00020142   0x00000000   Code   RO          556    .ARM.Collect$$libinit$$0000001F  c_p.l(libinit2.o)
    0x00020142   0x00000000   Code   RO          558    .ARM.Collect$$libinit$$00000021  c_p.l(libinit2.o)
    0x00020142   0x00000000   Code   RO          560    .ARM.Collect$$libinit$$00000023  c_p.l(libinit2.o)
    0x00020142   0x00000000   Code   RO          564    .ARM.Collect$$libinit$$0000002A  c_p.l(libinit2.o)
    0x00020142   0x00000000   Code   RO          566    .ARM.Collect$$libinit$$0000002C  c_p.l(libinit2.o)
    0x00020142   0x00000000   Code   RO          568    .ARM.Collect$$libinit$$0000002E  c_p.l(libinit2.o)
    0x00020142   0x00000000   Code   RO          570    .ARM.Collect$$libinit$$00000030  c_p.l(libinit2.o)
    0x00020142   0x00000002   Code   RO          571    .ARM.Collect$$libinit$$00000031  c_p.l(libinit2.o)
    0x00020144   0x00000002   Code   RO          602    .ARM.Collect$$libshutdown$$00000000  c_p.l(libshutdown.o)
    0x00020146   0x00000000   Code   RO          629    .ARM.Collect$$libshutdown$$00000003  c_p.l(libshutdown2.o)
    0x00020146   0x00000000   Code   RO          632    .ARM.Collect$$libshutdown$$00000006  c_p.l(libshutdown2.o)
    0x00020146   0x00000000   Code   RO          635    .ARM.Collect$$libshutdown$$00000009  c_p.l(libshutdown2.o)
    0x00020146   0x00000000   Code   RO          637    .ARM.Collect$$libshutdown$$0000000B  c_p.l(libshutdown2.o)
    0x00020146   0x00000000   Code   RO          640    .ARM.Collect$$libshutdown$$0000000E  c_p.l(libshutdown2.o)
    0x00020146   0x00000002   Code   RO          641    .ARM.Collect$$libshutdown$$0000000F  c_p.l(libshutdown2.o)
    0x00020148   0x00000000   Code   RO          476    .ARM.Collect$$rtentry$$00000000  c_p.l(rtentry.o)
    0x00020148   0x00000000   Code   RO          486    .ARM.Collect$$rtentry$$00000002  c_p.l(rtentry2.o)
    0x00020148   0x00000006   Code   RO          498    .ARM.Collect$$rtentry$$00000004  c_p.l(rtentry4.o)
    0x0002014e   0x00000000   Code   RO          488    .ARM.Collect$$rtentry$$00000009  c_p.l(rtentry2.o)
    0x0002014e   0x00000004   Code   RO          489    .ARM.Collect$$rtentry$$0000000A  c_p.l(rtentry2.o)
    0x00020152   0x00000000   Code   RO          491    .ARM.Collect$$rtentry$$0000000C  c_p.l(rtentry2.o)
    0x00020152   0x00000008   Code   RO          492    .ARM.Collect$$rtentry$$0000000D  c_p.l(rtentry2.o)
    0x0002015a   0x00000002   Code   RO          521    .ARM.Collect$$rtexit$$00000000  c_p.l(rtexit.o)
    0x0002015c   0x00000000   Code   RO          575    .ARM.Collect$$rtexit$$00000002  c_p.l(rtexit2.o)
    0x0002015c   0x00000004   Code   RO          576    .ARM.Collect$$rtexit$$00000003  c_p.l(rtexit2.o)
    0x00020160   0x00000006   Code   RO          577    .ARM.Collect$$rtexit$$00000004  c_p.l(rtexit2.o)
    0x00020166   0x00000002   PAD
    0x00020168   0x00000038   Code   RO          460    .emb_text           c_p.l(rt_memcpy.o)
    0x000201a0   0x00000038   Code   RO            4    .text               arm_startup_nrf51.o
    0x000201d8   0x00000024   Code   RO           12    .text               system_nrf51.o
    0x000201fc   0x00000ab0   Code   RO           63    .text               main.o
    0x00020cac   0x00000378   Code   RO          188    .text               ble_dis.o
    0x00021024   0x000002f8   Code   RO          238    .text               ble_bas.o
    0x0002131c   0x00000428   Code   RO          274    .text               ble_hrs.o
    0x00021744   0x00000234   Code   RO          292    .text               ble_conn_params.o
    0x00021978   0x000005d4   Code   RO          322    .text               ble_advdata.o
    0x00021f4c   0x00000074   Code   RO          343    .text               ble_srv_common.o
    0x00021fc0   0x00000118   Code   RO          358    .text               ble_uuid_util.o
    0x000220d8   0x00000450   Code   RO          378    .text               app_timer.o
    0x00022528   0x000000a0   Code   RO          415    .text               ble_stack_handler.o
    0x000225c8   0x00000102   Code   RO          452    .text               c_p.l(lludiv.o)
    0x000226ca   0x0000005a   Code   RO          454    .text               c_p.l(memcmp.o)
    0x00022724   0x0000004c   Code   RO          456    .text               c_p.l(strcpy.o)
    0x00022770   0x00000044   Code   RO          458    .text               c_p.l(strlen.o)
    0x000227b4   0x00000082   Code   RO          461    .text               c_p.l(rt_memcpy.o)
    0x00022836   0x00000096   Code   RO          464    .text               c_p.l(rt_memmove.o)
    0x000228cc   0x00000040   Code   RO          466    .text               c_p.l(rt_memclr.o)
    0x0002290c   0x0000015a   Code   RO          468    .text               c_p.l(aeabi_sdiv.o)
    0x00022a66   0x00000006   Code   RO          472    .text               c_p.l(heapauxi.o)
    0x00022a6c   0x0000003e   Code   RO          502    .text               c_p.l(sys_stackheap_outer.o)
    0x00022aaa   0x0000000c   Code   RO          505    .text               c_p.l(exit.o)
    0x00022ab6   0x00000002   PAD
    0x00022ab8   0x00000008   Code   RO          517    .text               c_p.l(libspace.o)
    0x00022ac0   0x0000000c   Code   RO          572    .text               c_p.l(sys_exit.o)
    0x00022acc   0x00000002   Code   RO          591    .text               c_p.l(use_no_semi.o)
    0x00022ace   0x00000000   Code   RO          593    .text               c_p.l(indicate_semi.o)
    0x00022ace   0x00000030   Code   RO          396    i.__ARM_common_ll_muluu  app_timer.o
    0x00022afe   0x00000002   PAD
    0x00022b00   0x0000000c   Data   RO           65    .constdata          main.o
    0x00022b0c   0x00000010   Data   RO          359    .constdata          ble_uuid_util.o
    0x00022b1c   0x00000020   Data   RO          642    Region$$Table       anon$$obj.o


    Execution Region RW_IRAM1 (Base: 0x20002000, Size: 0x00001280, Max: 0x00002000, ABSOLUTE)

    Base Addr    Size         Type   Attr      Idx    E Section Name        Object

    0x20002000   0x00000004   Data   RW           13    .data               system_nrf51.o
    0x20002004   0x0000000c   Data   RW           66    .data               main.o
    0x20002010   0x0000004a   Data   RW          189    .data               ble_dis.o
    0x2000205a   0x00000014   Data   RW          294    .data               ble_conn_params.o
    0x2000206e   0x00000002   PAD
    0x20002070   0x00000005   Data   RW          360    .data               ble_uuid_util.o
    0x20002075   0x00000003   PAD
    0x20002078   0x00000008   Data   RW          380    .data               app_timer.o
    0x20002080   0x00000004   Data   RW          416    .data               ble_stack_handler.o
    0x20002084   0x00000130   Zero   RW           64    .bss                main.o
    0x200021b4   0x00000018   Zero   RW          293    .bss                ble_conn_params.o
    0x200021cc   0x00000054   Zero   RW          379    .bss                app_timer.o
    0x20002220   0x00000060   Zero   RW          518    .bss                c_p.l(libspace.o)
    0x20002280   0x00000800   Zero   RW            2    HEAP                arm_startup_nrf51.o
    0x20002a80   0x00000800   Zero   RW            1    STACK               arm_startup_nrf51.o


==============================================================================

Image component sizes


      Code (inc. data)   RO Data    RW Data    ZI Data      Debug   Object Name

      1152         76          0          8         84       5929   app_timer.o
        56         26        192          0       4096        676   arm_startup_nrf51.o
      1492          6          0          0          0       8134   ble_advdata.o
       760         18          0          0          0      28523   ble_bas.o
       564         24          0         20         24      11443   ble_conn_params.o
       888        102          0         74          0      27679   ble_dis.o
      1064         14          0          0          0       9914   ble_hrs.o
       116         58          0          0          0       1378   ble_srv_common.o
       160         58          0          4          0       3329   ble_stack_handler.o
       280         10         16          5          0       2464   ble_uuid_util.o
      2736        272         12         12        304      46572   main.o
        36         14          0          4          0       4997   system_nrf51.o

    ----------------------------------------------------------------------
      9306        678        252        132       4508     151038   Object Totals
         0          0         32          0          0          0   (incl. Generated)
         2          0          0          5          0          0   (incl. Padding)

    ----------------------------------------------------------------------

      Code (inc. data)   RO Data    RW Data    ZI Data      Debug   Library Member Name

         8          0          0          0          0         68   __main.o
        60          8          0          0          0          0   __scatter.o
        26          0          0          0          0          0   __scatter_copy.o
        28          0          0          0          0          0   __scatter_zi.o
       346          0          0          0          0         92   aeabi_sdiv.o
        12          0          0          0          0         64   exit.o
         6          0          0          0          0        136   heapauxi.o
         0          0          0          0          0          0   indicate_semi.o
         2          0          0          0          0          0   libinit.o
         6          0          0          0          0          0   libinit2.o
         2          0          0          0          0          0   libshutdown.o
         2          0          0          0          0          0   libshutdown2.o
         8          4          0          0         96         68   libspace.o
       258          0          0          0          0         88   lludiv.o
        90          0          0          0          0         68   memcmp.o
        64          0          0          0          0        108   rt_memclr.o
       186          0          0          0          0        144   rt_memcpy.o
       150          0          0          0          0        104   rt_memmove.o
         0          0          0          0          0          0   rtentry.o
        12          0          0          0          0          0   rtentry2.o
         6          0          0          0          0          0   rtentry4.o
         2          0          0          0          0          0   rtexit.o
        10          0          0          0          0          0   rtexit2.o
        76          6          0          0          0         72   strcpy.o
        68          6          0          0          0         72   strlen.o
        12          4          0          0          0         60   sys_exit.o
        62          0          0          0          0         80   sys_stackheap_outer.o
         2          0          0          0          0         68   use_no_semi.o

    ----------------------------------------------------------------------
      1510         28          0          0         96       1292   Library Totals
         6          0          0          0          0          0   (incl. Padding)

    ----------------------------------------------------------------------

      Code (inc. data)   RO Data    RW Data    ZI Data      Debug   Library Name

      1504         28          0          0         96       1292   c_p.l

    ----------------------------------------------------------------------
      1510         28          0          0         96       1292   Library Totals

    ----------------------------------------------------------------------

==============================================================================


      Code (inc. data)   RO Data    RW Data    ZI Data      Debug   

     10816        706        252        132       4604     151094   Grand Totals
     10816        706        252        132       4604     151094   ELF Image Totals
     10816        706        252        132          0          0   ROM Totals

==============================================================================

    Total RO  Size (Code + RO Data)                11068 (  10.81kB)
    Total RW  Size (RW Data + ZI Data)              4736 (   4.63kB)
    Total ROM Size (Code + RO Data + RW Data)      11200 (  10.94kB)

==============================================================================

