<html>
<body>
<pre>
<h1>µVision Build Log</h1>
<h2>Project:</h2>
C:\Keil\ARM\Device\Nordic\nrf51822\Board\pca10001\ble\ble_app_hrs\arm\ble_app_hrs.uvproj
Project File Date:  11/17/2012

<h2>Output:</h2>
Build target 'nRF51822_S110'
assembling arm_startup_nrf51.s...
linking...
Program Size: Code=10816 RO-data=252 RW-data=132 ZI-data=4604  
FromELF: creating hex file...
".\_build\ble_app_hrs.axf" - 0 Error(s), 0 Warning(s).
Rebuild target 'nRF51822_S110'
assembling arm_startup_nrf51.s...
compiling system_nrf51.c...
compiling main.c...
compiling ble_dis.c...
compiling ble_bas.c...
compiling ble_hrs.c...
compiling ble_conn_params.c...
compiling ble_advdata.c...
compiling ble_srv_common.c...
compiling ble_uuid_util.c...
compiling app_timer.c...
compiling ble_stack_handler.c...
linking...
Program Size: Code=10816 RO-data=252 RW-data=132 ZI-data=4604  
FromELF: creating hex file...
".\_build\ble_app_hrs.axf" - 0 Error(s), 0 Warning(s).
